Component: ARM Compiler 5.06 update 4 (build 422) Tool: armlink [4d35d2]

==============================================================================

Section Cross References

    stm32f10x_it.o(.text) refers to usart.o(.text) for UsartPrintf
    stm32f10x_it.o(.text) refers to delay.o(.data) for g_msTicks
    system_stm32f10x.o(.text) refers to system_stm32f10x.o(.data) for SystemCoreClock
    startup_stm32f10x_md.o(STACK) refers (Special) to heapauxi.o(.text) for __use_two_region_memory
    startup_stm32f10x_md.o(HEAP) refers (Special) to heapauxi.o(.text) for __use_two_region_memory
    startup_stm32f10x_md.o(RESET) refers (Special) to heapauxi.o(.text) for __use_two_region_memory
    startup_stm32f10x_md.o(RESET) refers to startup_stm32f10x_md.o(STACK) for __initial_sp
    startup_stm32f10x_md.o(RESET) refers to startup_stm32f10x_md.o(.text) for Reset_Handler
    startup_stm32f10x_md.o(RESET) refers to stm32f10x_it.o(.text) for NMI_Handler
    startup_stm32f10x_md.o(RESET) refers to main.o(.text) for TIM2_IRQHandler
    startup_stm32f10x_md.o(RESET) refers to timer.o(.text) for TIM3_IRQHandler
    startup_stm32f10x_md.o(RESET) refers to rfid.o(.text) for USART1_IRQHandler
    startup_stm32f10x_md.o(RESET) refers to esp8266.o(.text) for USART3_IRQHandler
    startup_stm32f10x_md.o(.text) refers (Special) to heapauxi.o(.text) for __use_two_region_memory
    startup_stm32f10x_md.o(.text) refers to system_stm32f10x.o(.text) for SystemInit
    startup_stm32f10x_md.o(.text) refers to __main.o(!!!main) for __main
    startup_stm32f10x_md.o(.text) refers to startup_stm32f10x_md.o(HEAP) for Heap_Mem
    startup_stm32f10x_md.o(.text) refers to startup_stm32f10x_md.o(STACK) for Stack_Mem
    stm32f10x_gpio.o(.text) refers to stm32f10x_rcc.o(.text) for RCC_APB2PeriphResetCmd
    stm32f10x_rcc.o(.text) refers to stm32f10x_rcc.o(.data) for APBAHBPrescTable
    stm32f10x_usart.o(.text) refers to stm32f10x_rcc.o(.text) for RCC_APB2PeriphResetCmd
    stm32f10x_adc.o(.text) refers to stm32f10x_rcc.o(.text) for RCC_APB2PeriphResetCmd
    stm32f10x_tim.o(.text) refers to stm32f10x_rcc.o(.text) for RCC_APB2PeriphResetCmd
    stm32f10x_bkp.o(.text) refers to stm32f10x_rcc.o(.text) for RCC_BackupResetCmd
    stm32f10x_can.o(.text) refers to stm32f10x_rcc.o(.text) for RCC_APB1PeriphResetCmd
    stm32f10x_cec.o(.text) refers to stm32f10x_rcc.o(.text) for RCC_APB1PeriphResetCmd
    stm32f10x_dac.o(.text) refers to stm32f10x_rcc.o(.text) for RCC_APB1PeriphResetCmd
    stm32f10x_i2c.o(.text) refers to stm32f10x_rcc.o(.text) for RCC_APB1PeriphResetCmd
    stm32f10x_pwr.o(.text) refers to stm32f10x_rcc.o(.text) for RCC_APB1PeriphResetCmd
    stm32f10x_spi.o(.text) refers to stm32f10x_rcc.o(.text) for RCC_APB2PeriphResetCmd
    stm32f10x_wwdg.o(.text) refers to stm32f10x_rcc.o(.text) for RCC_APB1PeriphResetCmd
    delay.o(.text) refers to delay.o(.data) for g_msTicks
    delay.o(.text) refers to system_stm32f10x.o(.data) for SystemCoreClock
    usart.o(.text) refers to stm32f10x_rcc.o(.text) for RCC_APB2PeriphClockCmd
    usart.o(.text) refers to stm32f10x_gpio.o(.text) for GPIO_Init
    usart.o(.text) refers to stm32f10x_usart.o(.text) for USART_Init
    usart.o(.text) refers to misc.o(.text) for NVIC_Init
    usart.o(.text) refers to vsnprintf.o(.text) for vsnprintf
    usart.o(.text) refers to usart.o(.bss) for UsartPrintfBuf
    main.o(.text) refers to _printf_pad.o(.text) for _printf_pre_padding
    main.o(.text) refers to _printf_percent.o(.ARM.Collect$$_printf_percent$$00000000) for _printf_percent
    main.o(.text) refers to _printf_x.o(.ARM.Collect$$_printf_percent$$0000000C) for _printf_x
    main.o(.text) refers to _printf_hex_int_ll_ptr.o(.text) for _printf_longlong_hex
    main.o(.text) refers to flash.o(.text) for FLASH_R
    main.o(.text) refers to misc.o(.text) for NVIC_PriorityGroupConfig
    main.o(.text) refers to delay.o(.text) for Delay_Init
    main.o(.text) refers to usart.o(.text) for Usart1_Init
    main.o(.text) refers to timer.o(.text) for Timer_Init
    main.o(.text) refers to oled.o(.text) for OLED_Init
    main.o(.text) refers to aeabi_memset.o(.text) for __aeabi_memset
    main.o(.text) refers to esp8266.o(.text) for ESP8266_Init
    main.o(.text) refers to broker.o(.text) for Broker_Link
    main.o(.text) refers to rfid.o(.text) for RFID_SearchOnce
    main.o(.text) refers to main.o(.bss) for ID_temp
    main.o(.text) refers to main.o(.data) for tempcard
    main.o(.text) refers to rfid.o(.bss) for RFIDCard
    main.o(.text) refers to main.o(.constdata) for .constdata
    main.o(.text) refers to __2sprintf.o(.text) for __2sprintf
    main.o(.text) refers to stm32f10x_tim.o(.text) for TIM_Cmd
    main.o(.text) refers to strcpy.o(.text) for strcpy
    main.o(.text) refers to rfid.o(.data) for RSSI
    broker.o(.text) refers to _printf_percent.o(.ARM.Collect$$_printf_percent$$00000000) for _printf_percent
    broker.o(.text) refers to _printf_d.o(.ARM.Collect$$_printf_percent$$00000009) for _printf_d
[...]
    __rt_entry_postsh_1                      0x08000223   Thumb Code     0  __rtentry2.o(.ARM.Collect$$rtentry$$00000009)
    __rt_entry_main                          0x08000227   Thumb Code     0  __rtentry2.o(.ARM.Collect$$rtentry$$0000000D)
    __rt_entry_postli_1                      0x08000227   Thumb Code     0  __rtentry2.o(.ARM.Collect$$rtentry$$0000000C)
    __rt_exit                                0x0800022f   Thumb Code     0  rtexit.o(.ARM.Collect$$rtexit$$00000000)
    __rt_exit_ls                             0x08000231   Thumb Code     0  rtexit2.o(.ARM.Collect$$rtexit$$00000003)
    __rt_exit_prels_1                        0x08000231   Thumb Code     0  rtexit2.o(.ARM.Collect$$rtexit$$00000002)
    __rt_exit_exit                           0x08000235   Thumb Code     0  rtexit2.o(.ARM.Collect$$rtexit$$00000004)
    NMI_Handler                              0x0800023d   Thumb Code     2  stm32f10x_it.o(.text)
    _maybe_terminate_alloc                   0x0800023d   Thumb Code     0  maybetermalloc1.o(.emb_text)
    HardFault_Handler                        0x0800023f   Thumb Code    12  stm32f10x_it.o(.text)
    MemManage_Handler                        0x0800024b   Thumb Code    12  stm32f10x_it.o(.text)
    BusFault_Handler                         0x08000257   Thumb Code    12  stm32f10x_it.o(.text)
    UsageFault_Handler                       0x08000263   Thumb Code    12  stm32f10x_it.o(.text)
    SVC_Handler                              0x0800026f   Thumb Code     2  stm32f10x_it.o(.text)
    DebugMon_Handler                         0x08000271   Thumb Code     2  stm32f10x_it.o(.text)
    SysTick_Handler                          0x08000273   Thumb Code    12  stm32f10x_it.o(.text)
    EXTI0_IRQHandler                         0x0800027f   Thumb Code     2  stm32f10x_it.o(.text)
    RTC_IRQHandler                           0x08000281   Thumb Code     2  stm32f10x_it.o(.text)
    SystemInit                               0x0800045f   Thumb Code    78  system_stm32f10x.o(.text)
    SystemCoreClockUpdate                    0x080004ad   Thumb Code   142  system_stm32f10x.o(.text)
    Reset_Handler                            0x08000561   Thumb Code     8  startup_stm32f10x_md.o(.text)
    PendSV_Handler                           0x08000577   Thumb Code     2  startup_stm32f10x_md.o(.text)
    ADC1_2_IRQHandler                        0x0800057b   Thumb Code     0  startup_stm32f10x_md.o(.text)
    CAN1_RX1_IRQHandler                      0x0800057b   Thumb Code     0  startup_stm32f10x_md.o(.text)
    CAN1_SCE_IRQHandler                      0x0800057b   Thumb Code     0  startup_stm32f10x_md.o(.text)
    DMA1_Channel1_IRQHandler                 0x0800057b   Thumb Code     0  startup_stm32f10x_md.o(.text)
    DMA1_Channel2_IRQHandler                 0x0800057b   Thumb Code     0  startup_stm32f10x_md.o(.text)
    DMA1_Channel3_IRQHandler                 0x0800057b   Thumb Code     0  startup_stm32f10x_md.o(.text)
    DMA1_Channel4_IRQHandler                 0x0800057b   Thumb Code     0  startup_stm32f10x_md.o(.text)
    DMA1_Channel5_IRQHandler                 0x0800057b   Thumb Code     0  startup_stm32f10x_md.o(.text)
    DMA1_Channel6_IRQHandler                 0x0800057b   Thumb Code     0  startup_stm32f10x_md.o(.text)
    DMA1_Channel7_IRQHandler                 0x0800057b   Thumb Code     0  startup_stm32f10x_md.o(.text)
    EXTI15_10_IRQHandler                     0x0800057b   Thumb Code     0  startup_stm32f10x_md.o(.text)
    EXTI1_IRQHandler                         0x0800057b   Thumb Code     0  startup_stm32f10x_md.o(.text)
    EXTI2_IRQHandler                         0x0800057b   Thumb Code     0  startup_stm32f10x_md.o(.text)
    EXTI3_IRQHandler                         0x0800057b   Thumb Code     0  startup_stm32f10x_md.o(.text)
    EXTI4_IRQHandler                         0x0800057b   Thumb Code     0  startup_stm32f10x_md.o(.text)
    EXTI9_5_IRQHandler                       0x0800057b   Thumb Code     0  startup_stm32f10x_md.o(.text)
    FLASH_IRQHandler                         0x0800057b   Thumb Code     0  startup_stm32f10x_md.o(.text)
    I2C1_ER_IRQHandler                       0x0800057b   Thumb Code     0  startup_stm32f10x_md.o(.text)
    I2C1_EV_IRQHandler                       0x0800057b   Thumb Code     0  startup_stm32f10x_md.o(.text)
    I2C2_ER_IRQHandler                       0x0800057b   Thumb Code     0  startup_stm32f10x_md.o(.text)
    I2C2_EV_IRQHandler                       0x0800057b   Thumb Code     0  startup_stm32f10x_md.o(.text)
    PVD_IRQHandler                           0x0800057b   Thumb Code     0  startup_stm32f10x_md.o(.text)
    RCC_IRQHandler                           0x0800057b   Thumb Code     0  startup_stm32f10x_md.o(.text)
    RTCAlarm_IRQHandler                      0x0800057b   Thumb Code     0  startup_stm32f10x_md.o(.text)
    SPI1_IRQHandler                          0x0800057b   Thumb Code     0  startup_stm32f10x_md.o(.text)
    SPI2_IRQHandler                          0x0800057b   Thumb Code     0  startup_stm32f10x_md.o(.text)
    TAMPER_IRQHandler                        0x0800057b   Thumb Code     0  startup_stm32f10x_md.o(.text)
    TIM1_BRK_IRQHandler                      0x0800057b   Thumb Code     0  startup_stm32f10x_md.o(.text)
    TIM1_CC_IRQHandler                       0x0800057b   Thumb Code     0  startup_stm32f10x_md.o(.text)
    TIM1_TRG_COM_IRQHandler                  0x0800057b   Thumb Code     0  startup_stm32f10x_md.o(.text)
    TIM1_UP_IRQHandler                       0x0800057b   Thumb Code     0  startup_stm32f10x_md.o(.text)
    TIM4_IRQHandler                          0x0800057b   Thumb Code     0  startup_stm32f10x_md.o(.text)
    USART2_IRQHandler                        0x0800057b   Thumb Code     0  startup_stm32f10x_md.o(.text)
    USBWakeUp_IRQHandler                     0x0800057b   Thumb Code     0  startup_stm32f10x_md.o(.text)
    USB_HP_CAN1_TX_IRQHandler                0x0800057b   Thumb Code     0  startup_stm32f10x_md.o(.text)
    USB_LP_CAN1_RX0_IRQHandler               0x0800057b   Thumb Code     0  startup_stm32f10x_md.o(.text)
    WWDG_IRQHandler                          0x0800057b   Thumb Code     0  startup_stm32f10x_md.o(.text)
    __user_initial_stackheap                 0x0800057d   Thumb Code     0  startup_stm32f10x_md.o(.text)
    NVIC_PriorityGroupConfig                 0x080005a1   Thumb Code    10  misc.o(.text)
    NVIC_Init                                0x080005ab   Thumb Code   100  misc.o(.text)
    NVIC_SetVectorTable                      0x0800060f   Thumb Code    14  misc.o(.text)
    NVIC_SystemLPConfig                      0x0800061d   Thumb Code    34  misc.o(.text)
    SysTick_CLKSourceConfig                  0x0800063f   Thumb Code    40  misc.o(.text)
    GPIO_DeInit                              0x0800067d   Thumb Code   172  stm32f10x_gpio.o(.text)
    GPIO_AFIODeInit                          0x08000729   Thumb Code    20  stm32f10x_gpio.o(.text)
    GPIO_Init                                0x0800073d   Thumb Code   278  stm32f10x_gpio.o(.text)
    GPIO_StructInit                          0x08000853   Thumb Code    16  stm32f10x_gpio.o(.text)
    GPIO_ReadInputDataBit                    0x08000863   Thumb Code    18  stm32f10x_gpio.o(.text)
    GPIO_ReadInputData                       0x08000875   Thumb Code     8  stm32f10x_gpio.o(.text)
    GPIO_ReadOutputDataBit                   0x0800087d   Thumb Code    18  stm32f10x_gpio.o(.text)
    GPIO_ReadOutputData                      0x0800088f   Thumb Code     8  stm32f10x_gpio.o(.text)
    GPIO_SetBits                             0x08000897   Thumb Code     4  stm32f10x_gpio.o(.text)
    GPIO_ResetBits                           0x0800089b   Thumb Code     4  stm32f10x_gpio.o(.text)
    GPIO_WriteBit                            0x0800089f   Thumb Code    10  stm32f10x_gpio.o(.text)
    GPIO_Write                               0x080008a9   Thumb Code     4  stm32f10x_gpio.o(.text)
    GPIO_PinLockConfig                       0x080008ad   Thumb Code    18  stm32f10x_gpio.o(.text)
    GPIO_EventOutputConfig                   0x080008bf   Thumb Code    26  stm32f10x_gpio.o(.text)
    GPIO_EventOutputCmd                      0x080008d9   Thumb Code     6  stm32f10x_gpio.o(.text)
    GPIO_PinRemapConfig                      0x080008df   Thumb Code   138  stm32f10x_gpio.o(.text)
    GPIO_EXTILineConfig                      0x08000969   Thumb Code    66  stm32f10x_gpio.o(.text)
    GPIO_ETH_MediaInterfaceConfig            0x080009ab   Thumb Code     8  stm32f10x_gpio.o(.text)
    RCC_DeInit                               0x080009d9   Thumb Code    64  stm32f10x_rcc.o(.text)
    RCC_HSEConfig                            0x08000a19   Thumb Code    70  stm32f10x_rcc.o(.text)
    RCC_GetFlagStatus                        0x08000a5f   Thumb Code    56  stm32f10x_rcc.o(.text)
    RCC_WaitForHSEStartUp                    0x08000a97   Thumb Code    56  stm32f10x_rcc.o(.text)
    RCC_AdjustHSICalibrationValue            0x08000acf   Thumb Code    20  stm32f10x_rcc.o(.text)
    RCC_HSICmd                               0x08000ae3   Thumb Code     6  stm32f10x_rcc.o(.text)
    RCC_PLLConfig                            0x08000ae9   Thumb Code    24  stm32f10x_rcc.o(.text)
    RCC_PLLCmd                               0x08000b01   Thumb Code     6  stm32f10x_rcc.o(.text)
    RCC_SYSCLKConfig                         0x08000b07   Thumb Code    18  stm32f10x_rcc.o(.text)
    RCC_GetSYSCLKSource                      0x08000b19   Thumb Code    10  stm32f10x_rcc.o(.text)
    RCC_HCLKConfig                           0x08000b23   Thumb Code    18  stm32f10x_rcc.o(.text)
    RCC_PCLK1Config                          0x08000b35   Thumb Code    18  stm32f10x_rcc.o(.text)
    RCC_PCLK2Config                          0x08000b47   Thumb Code    20  stm32f10x_rcc.o(.text)
    RCC_ITConfig                             0x08000b5b   Thumb Code    26  stm32f10x_rcc.o(.text)
    RCC_USBCLKConfig                         0x08000b75   Thumb Code     8  stm32f10x_rcc.o(.text)
    RCC_ADCCLKConfig                         0x08000b7d   Thumb Code    18  stm32f10x_rcc.o(.text)
    RCC_LSEConfig                            0x08000b8f   Thumb Code    50  stm32f10x_rcc.o(.text)
    RCC_LSICmd                               0x08000bc1   Thumb Code     6  stm32f10x_rcc.o(.text)
    RCC_RTCCLKConfig                         0x08000bc7   Thumb Code    12  stm32f10x_rcc.o(.text)
    RCC_RTCCLKCmd                            0x08000bd3   Thumb Code     8  stm32f10x_rcc.o(.text)
    RCC_GetClocksFreq                        0x08000bdb   Thumb Code   192  stm32f10x_rcc.o(.text)
    RCC_AHBPeriphClockCmd                    0x08000c9b   Thumb Code    26  stm32f10x_rcc.o(.text)
    RCC_APB2PeriphClockCmd                   0x08000cb5   Thumb Code    26  stm32f10x_rcc.o(.text)
    RCC_APB1PeriphClockCmd                   0x08000ccf   Thumb Code    26  stm32f10x_rcc.o(.text)
    RCC_APB2PeriphResetCmd                   0x08000ce9   Thumb Code    26  stm32f10x_rcc.o(.text)
    RCC_APB1PeriphResetCmd                   0x08000d03   Thumb Code    26  stm32f10x_rcc.o(.text)
    RCC_BackupResetCmd                       0x08000d1d   Thumb Code     8  stm32f10x_rcc.o(.text)
    RCC_ClockSecuritySystemCmd               0x08000d25   Thumb Code     6  stm32f10x_rcc.o(.text)
    RCC_MCOConfig                            0x08000d2b   Thumb Code     6  stm32f10x_rcc.o(.text)
    RCC_ClearFlag                            0x08000d31   Thumb Code    14  stm32f10x_rcc.o(.text)
    RCC_GetITStatus                          0x08000d3f   Thumb Code    20  stm32f10x_rcc.o(.text)
    RCC_ClearITPendingBit                    0x08000d53   Thumb Code     6  stm32f10x_rcc.o(.text)
    USART_DeInit                             0x08000d7d   Thumb Code   134  stm32f10x_usart.o(.text)
    USART_Init                               0x08000e03   Thumb Code   210  stm32f10x_usart.o(.text)
    USART_StructInit                         0x08000ed5   Thumb Code    24  stm32f10x_usart.o(.text)
    USART_ClockInit                          0x08000eed   Thumb Code    34  stm32f10x_usart.o(.text)
    USART_ClockStructInit                    0x08000f0f   Thumb Code    12  stm32f10x_usart.o(.text)
    USART_Cmd                                0x08000f1b   Thumb Code    24  stm32f10x_usart.o(.text)
    USART_ITConfig                           0x08000f33   Thumb Code    74  stm32f10x_usart.o(.text)
    USART_DMACmd                             0x08000f7d   Thumb Code    18  stm32f10x_usart.o(.text)
    USART_SetAddress                         0x08000f8f   Thumb Code    18  stm32f10x_usart.o(.text)
    USART_WakeUpConfig                       0x08000fa1   Thumb Code    18  stm32f10x_usart.o(.text)
    USART_ReceiverWakeUpCmd                  0x08000fb3   Thumb Code    24  stm32f10x_usart.o(.text)
    USART_LINBreakDetectLengthConfig         0x08000fcb   Thumb Code    18  stm32f10x_usart.o(.text)
    USART_LINCmd                             0x08000fdd   Thumb Code    24  stm32f10x_usart.o(.text)
    USART_SendData                           0x08000ff5   Thumb Code     8  stm32f10x_usart.o(.text)
    USART_ReceiveData                        0x08000ffd   Thumb Code    10  stm32f10x_usart.o(.text)
    USART_SendBreak                          0x08001007   Thumb Code    10  stm32f10x_usart.o(.text)
    USART_SetGuardTime                       0x08001011   Thumb Code    16  stm32f10x_usart.o(.text)
    USART_SetPrescaler                       0x08001021   Thumb Code    16  stm32f10x_usart.o(.text)
    USART_SmartCardCmd                       0x08001031   Thumb Code    24  stm32f10x_usart.o(.text)
    USART_SmartCardNACKCmd                   0x08001049   Thumb Code    24  stm32f10x_usart.o(.text)
    USART_HalfDuplexCmd                      0x08001061   Thumb Code    24  stm32f10x_usart.o(.text)
    USART_OverSampling8Cmd                   0x08001079   Thumb Code    22  stm32f10x_usart.o(.text)
    USART_OneBitMethodCmd                    0x0800108f   Thumb Code    24  stm32f10x_usart.o(.text)
    USART_IrDAConfig                         0x080010a7   Thumb Code    18  stm32f10x_usart.o(.text)
    USART_IrDACmd                            0x080010b9   Thumb Code    24  stm32f10x_usart.o(.text)
    USART_GetFlagStatus                      0x080010d1   Thumb Code    26  stm32f10x_usart.o(.text)
    USART_ClearFlag                          0x080010eb   Thumb Code    18  stm32f10x_usart.o(.text)
    USART_GetITStatus                        0x080010fd   Thumb Code    84  stm32f10x_usart.o(.text)
    USART_ClearITPendingBit                  0x08001151   Thumb Code    52  stm32f10x_usart.o(.text)
    TIM_DeInit                               0x08001185   Thumb Code   424  stm32f10x_tim.o(.text)
    TIM_TimeBaseInit                         0x0800132d   Thumb Code   122  stm32f10x_tim.o(.text)
    TIM_OC1Init                              0x080013a7   Thumb Code   132  stm32f10x_tim.o(.text)
    TIM_OC2Init                              0x0800142b   Thumb Code   154  stm32f10x_tim.o(.text)
    TIM_OC3Init                              0x080014c5   Thumb Code   150  stm32f10x_tim.o(.text)
    TIM_OC4Init                              0x0800155b   Thumb Code   182  stm32f10x_tim.o(.text)
    TIM_SetIC4Prescaler                      0x08001611   Thumb Code    26  stm32f10x_tim.o(.text)
    TIM_SetIC3Prescaler                      0x080016ad   Thumb Code    18  stm32f10x_tim.o(.text)
    TIM_SetIC2Prescaler                      0x08001739   Thumb Code    26  stm32f10x_tim.o(.text)
    TIM_SetIC1Prescaler                      0x080017d5   Thumb Code    18  stm32f10x_tim.o(.text)
    TIM_ICInit                               0x08001853   Thumb Code   150  stm32f10x_tim.o(.text)
    TIM_PWMIConfig                           0x080018e9   Thumb Code   124  stm32f10x_tim.o(.text)
    TIM_BDTRConfig                           0x08001965   Thumb Code    32  stm32f10x_tim.o(.text)
    TIM_TimeBaseStructInit                   0x08001985   Thumb Code    18  stm32f10x_tim.o(.text)
    TIM_OCStructInit                         0x08001997   Thumb Code    20  stm32f10x_tim.o(.text)
    TIM_ICStructInit                         0x080019ab   Thumb Code    18  stm32f10x_tim.o(.text)
    TIM_BDTRStructInit                       0x080019bd   Thumb Code    40  stm32f10x_tim.o(.text)
    TIM_Cmd                                  0x080019e5   Thumb Code    24  stm32f10x_tim.o(.text)
    TIM_CtrlPWMOutputs                       0x080019fd   Thumb Code    30  stm32f10x_tim.o(.text)
    TIM_ITConfig                             0x08001a1b   Thumb Code    18  stm32f10x_tim.o(.text)
    TIM_GenerateEvent                        0x08001a2d   Thumb Code     4  stm32f10x_tim.o(.text)
    TIM_DMAConfig                            0x08001a31   Thumb Code    10  stm32f10x_tim.o(.text)
    TIM_DMACmd                               0x08001a3b   Thumb Code    18  stm32f10x_tim.o(.text)
    TIM_InternalClockConfig                  0x08001a4d   Thumb Code    12  stm32f10x_tim.o(.text)
    TIM_SelectInputTrigger                   0x08001a59   Thumb Code    18  stm32f10x_tim.o(.text)
    TIM_ITRxExternalClockConfig              0x08001a6b   Thumb Code    24  stm32f10x_tim.o(.text)
    TIM_TIxExternalClockConfig               0x08001a83   Thumb Code    62  stm32f10x_tim.o(.text)
    TIM_ETRConfig                            0x08001ac1   Thumb Code    28  stm32f10x_tim.o(.text)
    TIM_ETRClockMode1Config                  0x08001add   Thumb Code    54  stm32f10x_tim.o(.text)
    TIM_ETRClockMode2Config                  0x08001b13   Thumb Code    32  stm32f10x_tim.o(.text)
    TIM_PrescalerConfig                      0x08001b33   Thumb Code     6  stm32f10x_tim.o(.text)
    TIM_CounterModeConfig                    0x08001b39   Thumb Code    18  stm32f10x_tim.o(.text)
    TIM_EncoderInterfaceConfig               0x08001b4b   Thumb Code    66  stm32f10x_tim.o(.text)
    TIM_ForcedOC1Config                      0x08001b8d   Thumb Code    18  stm32f10x_tim.o(.text)
    TIM_ForcedOC2Config                      0x08001b9f   Thumb Code    26  stm32f10x_tim.o(.text)
    TIM_ForcedOC3Config                      0x08001bb9   Thumb Code    18  stm32f10x_tim.o(.text)
    TIM_ForcedOC4Config                      0x08001bcb   Thumb Code    26  stm32f10x_tim.o(.text)
    TIM_ARRPreloadConfig                     0x08001be5   Thumb Code    24  stm32f10x_tim.o(.text)
    TIM_SelectCOM                            0x08001bfd   Thumb Code    24  stm32f10x_tim.o(.text)
    TIM_SelectCCDMA                          0x08001c15   Thumb Code    24  stm32f10x_tim.o(.text)
    TIM_CCPreloadControl                     0x08001c2d   Thumb Code    24  stm32f10x_tim.o(.text)
    TIM_OC1PreloadConfig                     0x08001c45   Thumb Code    18  stm32f10x_tim.o(.text)
    TIM_OC2PreloadConfig                     0x08001c57   Thumb Code    26  stm32f10x_tim.o(.text)
    TIM_OC3PreloadConfig                     0x08001c71   Thumb Code    18  stm32f10x_tim.o(.text)
    TIM_OC4PreloadConfig                     0x08001c83   Thumb Code    26  stm32f10x_tim.o(.text)
    TIM_OC1FastConfig                        0x08001c9d   Thumb Code    18  stm32f10x_tim.o(.text)
    TIM_OC2FastConfig                        0x08001caf   Thumb Code    26  stm32f10x_tim.o(.text)
    TIM_OC3FastConfig                        0x08001cc9   Thumb Code    18  stm32f10x_tim.o(.text)
    TIM_OC4FastConfig                        0x08001cdb   Thumb Code    26  stm32f10x_tim.o(.text)
    TIM_ClearOC1Ref                          0x08001cf5   Thumb Code    18  stm32f10x_tim.o(.text)
    TIM_ClearOC2Ref                          0x08001d07   Thumb Code    24  stm32f10x_tim.o(.text)
    TIM_ClearOC3Ref                          0x08001d1f   Thumb Code    18  stm32f10x_tim.o(.text)
    TIM_ClearOC4Ref                          0x08001d31   Thumb Code    24  stm32f10x_tim.o(.text)
    TIM_OC1PolarityConfig                    0x08001d49   Thumb Code    18  stm32f10x_tim.o(.text)
    TIM_OC1NPolarityConfig                   0x08001d5b   Thumb Code    18  stm32f10x_tim.o(.text)
    TIM_OC2PolarityConfig                    0x08001d6d   Thumb Code    26  stm32f10x_tim.o(.text)
    TIM_OC2NPolarityConfig                   0x08001d87   Thumb Code    26  stm32f10x_tim.o(.text)
    TIM_OC3PolarityConfig                    0x08001da1   Thumb Code    26  stm32f10x_tim.o(.text)
    TIM_OC3NPolarityConfig                   0x08001dbb   Thumb Code    26  stm32f10x_tim.o(.text)
    TIM_OC4PolarityConfig                    0x08001dd5   Thumb Code    26  stm32f10x_tim.o(.text)
    TIM_CCxCmd                               0x08001def   Thumb Code    30  stm32f10x_tim.o(.text)
    TIM_CCxNCmd                              0x08001e0d   Thumb Code    30  stm32f10x_tim.o(.text)
    TIM_SelectOCxM                           0x08001e2b   Thumb Code    82  stm32f10x_tim.o(.text)
    TIM_UpdateDisableConfig                  0x08001e7d   Thumb Code    24  stm32f10x_tim.o(.text)
    TIM_UpdateRequestConfig                  0x08001e95   Thumb Code    24  stm32f10x_tim.o(.text)
    TIM_SelectHallSensor                     0x08001ead   Thumb Code    24  stm32f10x_tim.o(.text)
    TIM_SelectOnePulseMode                   0x08001ec5   Thumb Code    18  stm32f10x_tim.o(.text)
    TIM_SelectOutputTrigger                  0x08001ed7   Thumb Code    18  stm32f10x_tim.o(.text)
    TIM_SelectSlaveMode                      0x08001ee9   Thumb Code    18  stm32f10x_tim.o(.text)
    TIM_SelectMasterSlaveMode                0x08001efb   Thumb Code    18  stm32f10x_tim.o(.text)
    TIM_SetCounter                           0x08001f0d   Thumb Code     4  stm32f10x_tim.o(.text)
    TIM_SetAutoreload                        0x08001f11   Thumb Code     4  stm32f10x_tim.o(.text)
    TIM_SetCompare1                          0x08001f15   Thumb Code     4  stm32f10x_tim.o(.text)
    TIM_SetCompare2                          0x08001f19   Thumb Code     4  stm32f10x_tim.o(.text)
    TIM_SetCompare3                          0x08001f1d   Thumb Code     4  stm32f10x_tim.o(.text)
    TIM_SetCompare4                          0x08001f21   Thumb Code     6  stm32f10x_tim.o(.text)
    TIM_SetClockDivision                     0x08001f27   Thumb Code    18  stm32f10x_tim.o(.text)
    TIM_GetCapture1                          0x08001f39   Thumb Code     6  stm32f10x_tim.o(.text)
    TIM_GetCapture2                          0x08001f3f   Thumb Code     6  stm32f10x_tim.o(.text)
    TIM_GetCapture3                          0x08001f45   Thumb Code     6  stm32f10x_tim.o(.text)
    TIM_GetCapture4                          0x08001f4b   Thumb Code     8  stm32f10x_tim.o(.text)
    TIM_GetCounter                           0x08001f53   Thumb Code     6  stm32f10x_tim.o(.text)
    TIM_GetPrescaler                         0x08001f59   Thumb Code     6  stm32f10x_tim.o(.text)
    TIM_GetFlagStatus                        0x08001f5f   Thumb Code    18  stm32f10x_tim.o(.text)
    TIM_ClearFlag                            0x08001f71   Thumb Code     6  stm32f10x_tim.o(.text)
    TIM_GetITStatus                          0x08001f77   Thumb Code    34  stm32f10x_tim.o(.text)
    TIM_ClearITPendingBit                    0x08001f99   Thumb Code     6  stm32f10x_tim.o(.text)
    FLASH_SetLatency                         0x08001fa1   Thumb Code    18  stm32f10x_flash.o(.text)
    FLASH_HalfCycleAccessCmd                 0x08001fb3   Thumb Code    22  stm32f10x_flash.o(.text)
    FLASH_PrefetchBufferCmd                  0x08001fc9   Thumb Code    22  stm32f10x_flash.o(.text)
    FLASH_Unlock                             0x08001fdf   Thumb Code    12  stm32f10x_flash.o(.text)
    FLASH_UnlockBank1                        0x08001feb   Thumb Code    12  stm32f10x_flash.o(.text)
    FLASH_Lock                               0x08001ff7   Thumb Code    14  stm32f10x_flash.o(.text)
    FLASH_LockBank1                          0x08002005   Thumb Code    14  stm32f10x_flash.o(.text)
    FLASH_GetBank1Status                     0x08002013   Thumb Code    48  stm32f10x_flash.o(.text)
    FLASH_WaitForLastOperation               0x08002043   Thumb Code    38  stm32f10x_flash.o(.text)
    FLASH_ErasePage                          0x08002069   Thumb Code    72  stm32f10x_flash.o(.text)
    FLASH_EraseAllPages                      0x080020b1   Thumb Code    68  stm32f10x_flash.o(.text)
    FLASH_WaitForLastBank1Operation          0x080020f5   Thumb Code    38  stm32f10x_flash.o(.text)
    FLASH_EraseAllBank1Pages                 0x0800211b   Thumb Code    68  stm32f10x_flash.o(.text)
    FLASH_GetReadOutProtectionStatus         0x0800215f   Thumb Code    20  stm32f10x_flash.o(.text)
    FLASH_EraseOptionBytes                   0x08002173   Thumb Code   150  stm32f10x_flash.o(.text)
    FLASH_ProgramWord                        0x08002209   Thumb Code   102  stm32f10x_flash.o(.text)
    FLASH_ProgramHalfWord                    0x0800226f   Thumb Code    60  stm32f10x_flash.o(.text)
    FLASH_ProgramOptionByteData              0x080022ab   Thumb Code    72  stm32f10x_flash.o(.text)
    FLASH_EnableWriteProtection              0x080022f3   Thumb Code   200  stm32f10x_flash.o(.text)
    FLASH_ReadOutProtection                  0x080023bb   Thumb Code   156  stm32f10x_flash.o(.text)
    FLASH_UserOptionByteConfig               0x08002457   Thumb Code    88  stm32f10x_flash.o(.text)
    FLASH_GetUserOptionByte                  0x080024af   Thumb Code     8  stm32f10x_flash.o(.text)
    FLASH_GetWriteProtectionOptionByte       0x080024b7   Thumb Code     6  stm32f10x_flash.o(.text)
    FLASH_GetPrefetchBufferStatus            0x080024bd   Thumb Code    20  stm32f10x_flash.o(.text)
    FLASH_ITConfig                           0x080024d1   Thumb Code    26  stm32f10x_flash.o(.text)
    FLASH_GetFlagStatus                      0x080024eb   Thumb Code    42  stm32f10x_flash.o(.text)
    FLASH_ClearFlag                          0x08002515   Thumb Code     6  stm32f10x_flash.o(.text)
    FLASH_GetStatus                          0x0800251b   Thumb Code    48  stm32f10x_flash.o(.text)
    GetTick                                  0x0800255d   Thumb Code     6  delay.o(.text)
    Delay_Init                               0x08002563   Thumb Code    84  delay.o(.text)
    DelayXms                                 0x080025b7   Thumb Code    18  delay.o(.text)
    DelayMs                                  0x080025c9   Thumb Code    60  delay.o(.text)
    Usart1_Init                              0x08002615   Thumb Code   166  usart.o(.text)
    Usart2_Init                              0x080026bb   Thumb Code   122  usart.o(.text)
    Usart3_Init                              0x08002735   Thumb Code   166  usart.o(.text)
    Usart_SendString                         0x080027db   Thumb Code    50  usart.o(.text)
    UsartPrintf                              0x0800280d   Thumb Code    68  usart.o(.text)
    Read_Card                                0x08002869   Thumb Code   306  main.o(.text)
    Check_Card                               0x0800299b   Thumb Code   444  main.o(.text)
    Hardware_Init                            0x08002b57   Thumb Code    52  main.o(.text)
    main                                     0x08002b8b   Thumb Code  1120  main.o(.text)
    TIM2_IRQHandler                          0x08002feb   Thumb Code    38  main.o(.text)
    Broker_Link                              0x080030d5   Thumb Code   200  broker.o(.text)
    Broker_FillBuf                           0x0800319d   Thumb Code   616  broker.o(.text)
    Broker_SendData                          0x08003405   Thumb Code   584  broker.o(.text)
    Broker_Publish                           0x0800364d   Thumb Code    86  broker.o(.text)
    Broker_Subscribe                         0x080036a3   Thumb Code    74  broker.o(.text)
    Broker_Ping                              0x080036ed   Thumb Code    38  broker.o(.text)
    Broker_RevPro                            0x08003713   Thumb Code   338  broker.o(.text)
    MQTT_NewBuffer                           0x0800397d   Thumb Code    88  mqttkit.o(.text)
    MQTT_DeleteBuffer                        0x080039d5   Thumb Code    28  mqttkit.o(.text)
    MQTT_DumpLength                          0x080039f1   Thumb Code    46  mqttkit.o(.text)
    MQTT_ReadLength                          0x08003a1f   Thumb Code    70  mqttkit.o(.text)
    MQTT_UnPacketRecv                        0x08003a65   Thumb Code    92  mqttkit.o(.text)
    MQTT_PacketConnect                       0x08003ac1   Thumb Code   666  mqttkit.o(.text)
    MQTT_PacketDisConnect                    0x08003d5b   Thumb Code    48  mqttkit.o(.text)
    MQTT_UnPacketConnectAck                  0x08003d8b   Thumb Code    30  mqttkit.o(.text)
    MQTT_PacketPublish                       0x08003da9   Thumb Code   440  mqttkit.o(.text)
    MQTT_PacketSaveData                      0x08003f61   Thumb Code    64  mqttkit.o(.text)
    MQTT_PacketSubscribe                     0x08003fa1   Thumb Code   272  mqttkit.o(.text)
    MQTT_UnPacketSubscribe                   0x080040b1   Thumb Code    52  mqttkit.o(.text)
    MQTT_UnPacketPublish                     0x080040e5   Thumb Code   426  mqttkit.o(.text)
    MQTT_PacketPublishAck                    0x0800428f   Thumb Code    72  mqttkit.o(.text)
    MQTT_UnPacketPublishAck                  0x080042d7   Thumb Code    30  mqttkit.o(.text)
    MQTT_PacketPing                          0x080042f5   Thumb Code    48  mqttkit.o(.text)
    ESP8266_Clear                            0x08004325   Thumb Code    20  esp8266.o(.text)
    ESP8266_WaitRecive                       0x08004339   Thumb Code    42  esp8266.o(.text)
    ESP8266_SendCmd                          0x08004363   Thumb Code    86  esp8266.o(.text)
    ESP8266_SendData                         0x080043b9   Thumb Code    66  esp8266.o(.text)
    ESP8266_GetIPD                           0x080043fb   Thumb Code    78  esp8266.o(.text)
    ESP8266_Init                             0x08004449   Thumb Code   210  esp8266.o(.text)
    USART3_IRQHandler                        0x0800451b   Thumb Code    64  esp8266.o(.text)
    cJSON_GetErrorPtr                        0x08004675   Thumb Code     6  cjson.o(.text)
    cJSON_InitHooks                          0x080046ef   Thumb Code    48  cjson.o(.text)
    cJSON_Delete                             0x08004739   Thumb Code    82  cjson.o(.text)
    cJSON_ParseWithOpts                      0x080052a5   Thumb Code   152  cjson.o(.text)
    cJSON_Parse                              0x0800533d   Thumb Code    16  cjson.o(.text)
    cJSON_Print                              0x08005acd   Thumb Code    18  cjson.o(.text)
    cJSON_PrintUnformatted                   0x08005adf   Thumb Code    18  cjson.o(.text)
    cJSON_PrintBuffered                      0x08005af1   Thumb Code    52  cjson.o(.text)
    cJSON_GetArraySize                       0x08005b25   Thumb Code    18  cjson.o(.text)
    cJSON_GetArrayItem                       0x08005b37   Thumb Code    18  cjson.o(.text)
    cJSON_GetObjectItem                      0x08005b49   Thumb Code    30  cjson.o(.text)
    cJSON_AddItemToArray                     0x08005b9d   Thumb Code    42  cjson.o(.text)
    cJSON_AddItemToObject                    0x08005bc7   Thumb Code    44  cjson.o(.text)
    cJSON_AddItemToObjectCS                  0x08005bf3   Thumb Code    54  cjson.o(.text)
    cJSON_AddItemReferenceToArray            0x08005c29   Thumb Code    24  cjson.o(.text)
    cJSON_AddItemReferenceToObject           0x08005c41   Thumb Code    32  cjson.o(.text)
    cJSON_DetachItemFromArray                0x08005c61   Thumb Code    66  cjson.o(.text)
    cJSON_DeleteItemFromArray                0x08005ca3   Thumb Code    22  cjson.o(.text)
    cJSON_DetachItemFromObject               0x08005cb9   Thumb Code    50  cjson.o(.text)
    cJSON_DeleteItemFromObject               0x08005ceb   Thumb Code    22  cjson.o(.text)
    cJSON_InsertItemInArray                  0x08005d01   Thumb Code    64  cjson.o(.text)
    cJSON_ReplaceItemInArray                 0x08005d41   Thumb Code    76  cjson.o(.text)
    cJSON_ReplaceItemInObject                0x08005d8d   Thumb Code    62  cjson.o(.text)
    cJSON_CreateNull                         0x08005dcb   Thumb Code    18  cjson.o(.text)
    cJSON_CreateTrue                         0x08005ddd   Thumb Code    18  cjson.o(.text)
    cJSON_CreateFalse                        0x08005def   Thumb Code    18  cjson.o(.text)
    cJSON_CreateBool                         0x08005e01   Thumb Code    26  cjson.o(.text)
    cJSON_CreateNumber                       0x08005e1b   Thumb Code    36  cjson.o(.text)
    cJSON_CreateString                       0x08005e3f   Thumb Code    28  cjson.o(.text)
    cJSON_CreateArray                        0x08005e5b   Thumb Code    18  cjson.o(.text)
    cJSON_CreateObject                       0x08005e6d   Thumb Code    18  cjson.o(.text)
    cJSON_CreateIntArray                     0x08005e7f   Thumb Code    68  cjson.o(.text)
    cJSON_CreateFloatArray                   0x08005ec3   Thumb Code    68  cjson.o(.text)
    cJSON_CreateDoubleArray                  0x08005f07   Thumb Code    68  cjson.o(.text)
    cJSON_CreateStringArray                  0x08005f4b   Thumb Code    62  cjson.o(.text)
    cJSON_Duplicate                          0x08005f89   Thumb Code   178  cjson.o(.text)
    cJSON_Minify                             0x0800603b   Thumb Code   186  cjson.o(.text)
    OLED_I2C_Init                            0x080060f5   Thumb Code    92  oled.o(.text)
    OLED_I2C_Start                           0x08006151   Thumb Code    48  oled.o(.text)
    OLED_I2C_Stop                            0x08006181   Thumb Code    36  oled.o(.text)
    OLED_I2C_SendByte                        0x080061a5   Thumb Code    88  oled.o(.text)
    OLED_WriteCommand                        0x080061fd   Thumb Code    32  oled.o(.text)
    OLED_WriteData                           0x0800621d   Thumb Code    32  oled.o(.text)
    OLED_SetCursor                           0x0800623d   Thumb Code    34  oled.o(.text)
    OLED_Clear                               0x0800625f   Thumb Code    42  oled.o(.text)
    OLED_ShowChar                            0x08006289   Thumb Code   110  oled.o(.text)
    OLED_ShowString                          0x080062f7   Thumb Code   104  oled.o(.text)
    OLED_Pow                                 0x0800635f   Thumb Code    20  oled.o(.text)
    OLED_ShowNum                             0x08006373   Thumb Code    68  oled.o(.text)
    OLED_ShowSignedNum                       0x080063b7   Thumb Code   102  oled.o(.text)
    OLED_ShowHexNum                          0x0800641d   Thumb Code    84  oled.o(.text)
    OLED_ShowBinNum                          0x08006471   Thumb Code    62  oled.o(.text)
    OLED_Init                                0x080064af   Thumb Code   188  oled.o(.text)
    OLED_ShowCN                              0x0800656b   Thumb Code   102  oled.o(.text)
    OLED_ShowCNString                        0x080065d1   Thumb Code    46  oled.o(.text)
    OLED_ClearLines                          0x080065ff   Thumb Code    88  oled.o(.text)
    Timer_Init                               0x0800665d   Thumb Code   220  timer.o(.text)
    TIM3_IRQHandler                          0x08006739   Thumb Code    32  timer.o(.text)
    FLASH_W                                  0x0800675d   Thumb Code    78  flash.o(.text)
    FLASH_W3                                 0x080067ab   Thumb Code    88  flash.o(.text)
    FLASH_W4                                 0x08006803   Thumb Code   146  flash.o(.text)
    FLASH_W2                                 0x08006895   Thumb Code    42  flash.o(.text)
    FLASH_R                                  0x080068bf   Thumb Code     6  flash.o(.text)
    FLASH_R2                                 0x080068c5   Thumb Code     6  flash.o(.text)
    FLASH_Clear                              0x080068cb   Thumb Code    32  flash.o(.text)
    RSSI_Filter                              0x080068ed   Thumb Code    20  rfid.o(.text)
    RFID_CheckDuplicate                      0x08006901   Thumb Code   350  rfid.o(.text)
    RFID_CleanExpired                        0x08006a5f   Thumb Code    64  rfid.o(.text)
    Get_Checksum                             0x08006a9f   Thumb Code    54  rfid.o(.text)
    Serial_SendByte                          0x08006ad5   Thumb Code    28  rfid.o(.text)
    Serial_SendArray                         0x08006af1   Thumb Code    26  rfid.o(.text)
    Serial_SendString                        0x08006b0b   Thumb Code    26  rfid.o(.text)
    Serial_Pow                               0x08006b25   Thumb Code    20  rfid.o(.text)
    Serial_SendNumber                        0x08006b39   Thumb Code    58  rfid.o(.text)
    RFID_SearchOnce                          0x08006b73   Thumb Code    32  rfid.o(.text)
    RFID_GetRxFlag                           0x08006b93   Thumb Code    22  rfid.o(.text)
    RFID_Clear                               0x08006ba9   Thumb Code    20  rfid.o(.text)
    RFID_Unpacket                            0x08006bbd   Thumb Code    66  rfid.o(.text)
    USART1_IRQHandler                        0x08006bff   Thumb Code    84  rfid.o(.text)
    malloc                                   0x08006c79   Thumb Code    94  h1_alloc.o(.text)
    free                                     0x08006cd7   Thumb Code    78  h1_free.o(.text)
    tolower                                  0x08006d25   Thumb Code    26  tolower.o(.text)
    vsnprintf                                0x08006d41   Thumb Code    48  vsnprintf.o(.text)
    __2sprintf                               0x08006d75   Thumb Code    38  __2sprintf.o(.text)
    __2snprintf                              0x08006da1   Thumb Code    50  __2snprintf.o(.text)
    _printf_pre_padding                      0x08006dd9   Thumb Code    44  _printf_pad.o(.text)
    _printf_post_padding                     0x08006e05   Thumb Code    34  _printf_pad.o(.text)
    _printf_str                              0x08006e27   Thumb Code    82  _printf_str.o(.text)
    _printf_int_dec                          0x08006e79   Thumb Code   104  _printf_dec.o(.text)
    _printf_longlong_hex                     0x08006ef1   Thumb Code    86  _printf_hex_int_ll_ptr.o(.text)
    _printf_int_hex                          0x08006f47   Thumb Code    28  _printf_hex_int_ll_ptr.o(.text)
    _printf_ll_hex                           0x08006f63   Thumb Code    12  _printf_hex_int_ll_ptr.o(.text)
    _printf_hex_ptr                          0x08006f6f   Thumb Code    18  _printf_hex_int_ll_ptr.o(.text)
    __printf                                 0x08006f85   Thumb Code   388  __printf_flags_ss_wp.o(.text)
    strchr                                   0x0800710d   Thumb Code    20  strchr.o(.text)
    strncat                                  0x08007121   Thumb Code    36  strncat.o(.text)
    strstr                                   0x08007145   Thumb Code    36  strstr.o(.text)
    memcmp                                   0x08007169   Thumb Code    88  memcmp.o(.text)
    strcpy                                   0x080071c1   Thumb Code    72  strcpy.o(.text)
    strlen                                   0x08007209   Thumb Code    62  strlen.o(.text)
    strncmp                                  0x08007247   Thumb Code   150  strncmp.o(.text)
    strcat                                   0x080072dd   Thumb Code    24  strcat.o(.text)
    __aeabi_memcpy                           0x080072f5   Thumb Code     0  rt_memcpy_v6.o(.text)
    __rt_memcpy                              0x080072f5   Thumb Code   138  rt_memcpy_v6.o(.text)
    _memcpy_lastbytes                        0x0800735b   Thumb Code     0  rt_memcpy_v6.o(.text)
    __aeabi_memcpy4                          0x0800737f   Thumb Code     0  rt_memcpy_w.o(.text)
    __aeabi_memcpy8                          0x0800737f   Thumb Code     0  rt_memcpy_w.o(.text)
    __rt_memcpy_w                            0x0800737f   Thumb Code   100  rt_memcpy_w.o(.text)
    _memcpy_lastbytes_aligned                0x080073c7   Thumb Code     0  rt_memcpy_w.o(.text)
    __aeabi_memset                           0x080073e3   Thumb Code    16  aeabi_memset.o(.text)
    __aeabi_memclr                           0x080073f3   Thumb Code     0  rt_memclr.o(.text)
    __rt_memclr                              0x080073f3   Thumb Code    68  rt_memclr.o(.text)
    _memset                                  0x080073f7   Thumb Code     0  rt_memclr.o(.text)
    __aeabi_memclr4                          0x08007437   Thumb Code     0  rt_memclr_w.o(.text)
    __aeabi_memclr8                          0x08007437   Thumb Code     0  rt_memclr_w.o(.text)
    __rt_memclr_w                            0x08007437   Thumb Code    78  rt_memclr_w.o(.text)
    _memset_w                                0x0800743b   Thumb Code     0  rt_memclr_w.o(.text)
    __use_two_region_memory                  0x08007485   Thumb Code     2  heapauxi.o(.text)
    __rt_heap_escrow                         0x08007487   Thumb Code     2  heapauxi.o(.text)
    __rt_heap_expand                         0x08007489   Thumb Code     2  heapauxi.o(.text)
    __rt_ctype_table                         0x0800748d   Thumb Code    16  rt_ctype_table.o(.text)
    __rt_heap_descriptor                     0x0800749d   Thumb Code     8  rt_heap_descriptor_intlibspace.o(.text)
    __use_no_heap                            0x080074a5   Thumb Code     2  hguard.o(.text)
    __heap$guard                             0x080074a7   Thumb Code     2  hguard.o(.text)
    _terminate_user_alloc                    0x080074a9   Thumb Code     2  init_alloc.o(.text)
    _init_user_alloc                         0x080074ab   Thumb Code     2  init_alloc.o(.text)
    __Heap_Full                              0x080074ad   Thumb Code    34  init_alloc.o(.text)
    __Heap_Broken                            0x080074cf   Thumb Code     6  init_alloc.o(.text)
    _init_alloc                              0x080074d5   Thumb Code    94  init_alloc.o(.text)
    __Heap_Initialize                        0x08007533   Thumb Code    10  h1_init.o(.text)
    __Heap_DescSize                          0x0800753d   Thumb Code     4  h1_init.o(.text)
    __read_errno                             0x08007541   Thumb Code    10  _rserrno.o(.text)
    __set_errno                              0x0800754b   Thumb Code    12  _rserrno.o(.text)
    _printf_truncate_signed                  0x08007557   Thumb Code    18  _printf_truncate.o(.text)
    _printf_truncate_unsigned                0x08007569   Thumb Code    18  _printf_truncate.o(.text)
    _printf_int_common                       0x0800757b   Thumb Code   178  _printf_intcommon.o(.text)
    _printf_charcount                        0x0800762d   Thumb Code    40  _printf_charcount.o(.text)
    __lib_sel_fp_printf                      0x08007655   Thumb Code     2  _printf_fp_dec.o(.text)
    _printf_fp_dec_real                      0x08007803   Thumb Code   620  _printf_fp_dec.o(.text)
    _printf_char_common                      0x08007a7b   Thumb Code    32  _printf_char_common.o(.text)
    _sputc                                   0x08007aa1   Thumb Code    10  _sputc.o(.text)
    _snputc                                  0x08007aab   Thumb Code    16  _snputc.o(.text)
    _printf_cs_common                        0x08007abb   Thumb Code    20  _printf_char.o(.text)
    _printf_char                             0x08007acf   Thumb Code    16  _printf_char.o(.text)
    _printf_string                           0x08007adf   Thumb Code     8  _printf_char.o(.text)
    _printf_wctomb                           0x08007ae9   Thumb Code   182  _printf_wctomb.o(.text)
    _printf_longlong_dec                     0x08007ba5   Thumb Code   108  _printf_longlong_dec.o(.text)
    _printf_longlong_oct                     0x08007c21   Thumb Code    66  _printf_oct_int_ll.o(.text)
    _printf_int_oct                          0x08007c63   Thumb Code    24  _printf_oct_int_ll.o(.text)
    _printf_ll_oct                           0x08007c7b   Thumb Code    12  _printf_oct_int_ll.o(.text)
    __user_libspace                          0x08007c91   Thumb Code     8  libspace.o(.text)
    __user_perproc_libspace                  0x08007c91   Thumb Code     0  libspace.o(.text)
    __user_perthread_libspace                0x08007c91   Thumb Code     0  libspace.o(.text)
    __rt_locale                              0x08007c99   Thumb Code     8  rt_locale_intlibspace.o(.text)
    __aeabi_errno_addr                       0x08007ca1   Thumb Code     8  rt_errno_addr_intlibspace.o(.text)
    __errno$intlibspace                      0x08007ca1   Thumb Code     0  rt_errno_addr_intlibspace.o(.text)
    __rt_errno_addr$intlibspace              0x08007ca1   Thumb Code     0  rt_errno_addr_intlibspace.o(.text)
    __Heap_ProvideMemory                     0x08007ca9   Thumb Code    52  h1_extend.o(.text)
    _ll_udiv10                               0x08007cdd   Thumb Code   138  lludiv10.o(.text)
    _printf_fp_hex_real                      0x08007d69   Thumb Code   756  _printf_fp_hex.o(.text)
    _printf_fp_infnan                        0x08008065   Thumb Code   112  _printf_fp_infnan.o(.text)
    _printf_lcs_common                       0x080080e5   Thumb Code    20  _printf_wchar.o(.text)
    _printf_wchar                            0x080080f9   Thumb Code    16  _printf_wchar.o(.text)
    _printf_wstring                          0x08008109   Thumb Code     8  _printf_wchar.o(.text)
    _btod_etento                             0x08008111   Thumb Code   216  bigflt0.o(.text)
    _wcrtomb                                 0x080081ed   Thumb Code    64  _wcrtomb.o(.text)
    __rt_SIGRTMEM                            0x0800822d   Thumb Code    14  defsig_rtmem_outer.o(.text)
    __I$use$semihosting                      0x0800823b   Thumb Code     0  use_no_semi.o(.text)
    __use_no_semihosting_swi                 0x0800823b   Thumb Code     2  use_no_semi.o(.text)
    __semihosting_library_function           0x0800823d   Thumb Code     0  indicate_semi.o(.text)
    __user_setup_stackheap                   0x0800823d   Thumb Code    74  sys_stackheap_outer.o(.text)
    exit                                     0x08008287   Thumb Code    18  exit.o(.text)
    __sig_exit                               0x08008299   Thumb Code    10  defsig_exit.o(.text)
    __rt_SIGRTMEM_inner                      0x080082a5   Thumb Code    22  defsig_rtmem_inner.o(.text)
    strcmp                                   0x080082f5   Thumb Code   128  strcmpv7m.o(.text)
    _sys_exit                                0x08008375   Thumb Code     8  sys_exit.o(.text)
    __default_signal_display                 0x08008381   Thumb Code    50  defsig_general.o(.text)
    _ttywrch                                 0x080083b3   Thumb Code    14  sys_wrch.o(.text)
    _btod_d2e                                0x080083c1   Thumb Code    62  btod.o(CL$$btod_d2e)
    _d2e_denorm_low                          0x080083ff   Thumb Code    70  btod.o(CL$$btod_d2e_denorm_low)
    _d2e_norm_op1                            0x08008445   Thumb Code    96  btod.o(CL$$btod_d2e_norm_op1)
    __btod_div_common                        0x080084a5   Thumb Code   696  btod.o(CL$$btod_div_common)
    _e2e                                     0x080087dd   Thumb Code   198  btod.o(CL$$btod_e2e)
    _btod_ediv                               0x080088a3   Thumb Code    40  btod.o(CL$$btod_ediv)
    _btod_emul                               0x080088cb   Thumb Code    40  btod.o(CL$$btod_emul)
    __btod_mult_common                       0x080088f3   Thumb Code   580  btod.o(CL$$btod_mult_common)
    __ARM_fpclassify                         0x08008b37   Thumb Code    40  fpclassify.o(i.__ARM_fpclassify)
    __kernel_poly                            0x08008b5f   Thumb Code   170  poly.o(i.__kernel_poly)
    __mathlib_dbl_divzero                    0x08008c09   Thumb Code    12  dunder.o(i.__mathlib_dbl_divzero)
    __mathlib_dbl_infnan2                    0x08008c19   Thumb Code     4  dunder.o(i.__mathlib_dbl_infnan2)
    __mathlib_dbl_invalid                    0x08008c1d   Thumb Code    12  dunder.o(i.__mathlib_dbl_invalid)
    __mathlib_dbl_overflow                   0x08008c29   Thumb Code    14  dunder.o(i.__mathlib_dbl_overflow)
    __mathlib_dbl_underflow                  0x08008c39   Thumb Code    10  dunder.o(i.__mathlib_dbl_underflow)
    _is_digit                                0x08008c49   Thumb Code    14  __printf_wp.o(i._is_digit)
    floor                                    0x08008c59   Thumb Code   204  floor.o(i.floor)
    pow                                      0x08008d35   Thumb Code  2512  pow.o(i.pow)
    sqrt                                     0x0800970d   Thumb Code    76  sqrt.o(i.sqrt)
    _get_lc_ctype                            0x08009759   Thumb Code    44  lc_ctype_c.o(locale$$code)
    _get_lc_numeric                          0x08009785   Thumb Code    44  lc_numeric_c.o(locale$$code)
    __aeabi_dadd                             0x080097b1   Thumb Code     0  daddsub_clz.o(x$fpl$dadd)
    _dadd                                    0x080097b1   Thumb Code   332  daddsub_clz.o(x$fpl$dadd)
    __fpl_dcheck_NaN1                        0x08009901   Thumb Code    10  dcheck1.o(x$fpl$dcheck1)
    __fpl_dcmp_Inf                           0x08009911   Thumb Code    24  dcmpi.o(x$fpl$dcmpinf)
    __aeabi_ddiv                             0x08009929   Thumb Code     0  ddiv.o(x$fpl$ddiv)
    _ddiv                                    0x08009929   Thumb Code   552  ddiv.o(x$fpl$ddiv)
    __aeabi_cdcmpeq                          0x08009bd9   Thumb Code     0  deqf.o(x$fpl$deqf)
    _dcmpeq                                  0x08009bd9   Thumb Code   120  deqf.o(x$fpl$deqf)
    __aeabi_d2iz                             0x08009c51   Thumb Code     0  dfix.o(x$fpl$dfix)
    _dfix                                    0x08009c51   Thumb Code    94  dfix.o(x$fpl$dfix)
    __aeabi_i2d                              0x08009caf   Thumb Code     0  dflt_clz.o(x$fpl$dflt)
    _dflt                                    0x08009caf   Thumb Code    46  dflt_clz.o(x$fpl$dflt)
    __aeabi_cdcmple                          0x08009cdd   Thumb Code     0  dleqf.o(x$fpl$dleqf)
    _dcmple                                  0x08009cdd   Thumb Code   120  dleqf.o(x$fpl$dleqf)
    __fpl_dcmple_InfNaN                      0x08009d3f   Thumb Code     0  dleqf.o(x$fpl$dleqf)
    __aeabi_dmul                             0x08009d55   Thumb Code     0  dmul.o(x$fpl$dmul)
    _dmul                                    0x08009d55   Thumb Code   332  dmul.o(x$fpl$dmul)
    __fpl_dnaninf                            0x08009ea9   Thumb Code   156  dnaninf.o(x$fpl$dnaninf)
    __fpl_dretinf                            0x08009f45   Thumb Code    12  dretinf.o(x$fpl$dretinf)
    __aeabi_cdrcmple                         0x08009f51   Thumb Code     0  drleqf.o(x$fpl$drleqf)
    _drcmple                                 0x08009f51   Thumb Code   108  drleqf.o(x$fpl$drleqf)
    __aeabi_drsub                            0x08009fbd   Thumb Code     0  daddsub_clz.o(x$fpl$drsb)
    _drsb                                    0x08009fbd   Thumb Code    22  daddsub_clz.o(x$fpl$drsb)
    _dsqrt                                   0x08009fd5   Thumb Code   456  dsqrt_noumaal.o(x$fpl$dsqrt)
    __aeabi_dsub                             0x0800a1a1   Thumb Code     0  daddsub_clz.o(x$fpl$dsub)
    _dsub                                    0x0800a1a1   Thumb Code   464  daddsub_clz.o(x$fpl$dsub)
    __aeabi_f2d                              0x0800a375   Thumb Code     0  f2d.o(x$fpl$f2d)
    _f2d                                     0x0800a375   Thumb Code    86  f2d.o(x$fpl$f2d)
    __fpl_fnaninf                            0x0800a3cb   Thumb Code   140  fnaninf.o(x$fpl$fnaninf)
    _printf_fp_dec                           0x0800a457   Thumb Code     4  printf1.o(x$fpl$printf1)
    _printf_fp_hex                           0x0800a45b   Thumb Code     4  printf2.o(x$fpl$printf2)
    __fpl_return_NaN                         0x0800a45f   Thumb Code   100  retnan.o(x$fpl$retnan)
    __ARM_scalbn                             0x0800a4c3   Thumb Code    92  scalbn.o(x$fpl$scalbn)
    __fpl_cmpreturn                          0x0800a51f   Thumb Code    48  trapv.o(x$fpl$trapveneer)
    __I$use$fp                               0x0800a54e   Number         0  usenofp.o(x$fpl$usenofp)
    OLED_F8x16                               0x0800a58b   Data        1520  oled.o(.constdata)
    Hz16x16                                  0x0800ab7b   Data        2752  oled.o(.constdata)
    __mathlib_zero                           0x0800b708   Data           8  qnan.o(.constdata)
    Region$$Table$$Base                      0x0800b7cc   Number         0  anon$$obj.o(Region$$Table)
    Region$$Table$$Limit                     0x0800b7ec   Number         0  anon$$obj.o(Region$$Table)
    __ctype                                  0x0800b7f9   Data           0  lc_ctype_c.o(locale$$data)
    SystemCoreClock                          0x20000000   Data           4  system_stm32f10x.o(.data)
    AHBPrescTable                            0x20000004   Data          16  system_stm32f10x.o(.data)
    UsCount                                  0x20000028   Data           1  delay.o(.data)
    MsCount                                  0x2000002a   Data           2  delay.o(.data)
    g_msTicks                                0x2000002c   Data           4  delay.o(.data)
    clear_from                               0x20000030   Data           1  main.o(.data)
    clear_to                                 0x20000031   Data           1  main.o(.data)
    clear_req                                0x20000032   Data           1  main.o(.data)
    tempcard                                 0x20000033   Data           1  main.o(.data)
    flash_w_flag                             0x20000034   Data           4  main.o(.data)
    disconnect                               0x20000038   Data           4  main.o(.data)
    search                                   0x2000003c   Data           1  main.o(.data)
    respond                                  0x2000003e   Data           1  broker.o(.data)
    esp8266_cnt                              0x20000042   Data           2  esp8266.o(.data)
    esp8266_cntPre                           0x20000044   Data           2  esp8266.o(.data)
    RFID_TxPacket                            0x20000054   Data           7  rfid.o(.data)
    RFID_cnt                                 0x2000005c   Data           4  rfid.o(.data)
    RFID_cntPre                              0x20000060   Data           4  rfid.o(.data)
    RFID_RxFlag                              0x20000064   Data           1  rfid.o(.data)
    RSSI                                     0x20000065   Data           1  rfid.o(.data)
    oled_str                                 0x20000468   Data          50  main.o(.bss)
    ID_temp                                  0x2000049a   Data         120  main.o(.bss)
    new_objetct                              0x20000514   Data        1080  main.o(.bss)
    send_settting                            0x2000094c   Data          12  main.o(.bss)
    esp8266_buf                              0x20000958   Data         512  esp8266.o(.bss)
    RFID_buf                                 0x20000b58   Data         512  rfid.o(.bss)
    RFIDCard                                 0x20000d58   Data          12  rfid.o(.bss)
    tagCache                                 0x20000d64   Data         200  rfid.o(.bss)
    __libspace_start                         0x20000e2c   Data          96  libspace.o(.bss)
    __temporary_stack_top$libspace           0x20000e8c   Data           0  libspace.o(.bss)



==============================================================================

Memory Map of the image

  Image Entry point : 0x080000ed

  Load Region LR_IROM1 (Base: 0x08000000, Size: 0x0000b980, Max: 0x00010000, ABSOLUTE)

    Execution Region ER_IROM1 (Base: 0x08000000, Size: 0x0000b918, Max: 0x00010000, ABSOLUTE)

    Base Addr    Size         Type   Attr      Idx    E Section Name        Object

    0x08000000   0x000000ec   Data   RO          139    RESET               startup_stm32f10x_md.o
    0x080000ec   0x00000008   Code   RO          886  * !!!main             c_w.l(__main.o)
    0x080000f4   0x00000034   Code   RO         1292    !!!scatter          c_w.l(__scatter.o)
    0x08000128   0x0000001a   Code   RO         1294    !!handler_copy      c_w.l(__scatter_copy.o)
    0x08000142   0x00000002   PAD
    0x08000144   0x0000001c   Code   RO         1296    !!handler_zi        c_w.l(__scatter_zi.o)
    0x08000160   0x00000000   Code   RO          857    .ARM.Collect$$_printf_percent$$00000000  c_w.l(_printf_percent.o)
    0x08000160   0x00000006   Code   RO          990    .ARM.Collect$$_printf_percent$$00000001  c_w.l(_printf_n.o)
    0x08000166   0x00000006   Code   RO          991    .ARM.Collect$$_printf_percent$$00000002  c_w.l(_printf_p.o)
    0x0800016c   0x00000006   Code   RO          855    .ARM.Collect$$_printf_percent$$00000003  c_w.l(_printf_f.o)
    0x08000172   0x00000006   Code   RO          856    .ARM.Collect$$_printf_percent$$00000004  c_w.l(_printf_e.o)
    0x08000178   0x00000006   Code   RO          995    .ARM.Collect$$_printf_percent$$00000005  c_w.l(_printf_g.o)
    0x0800017e   0x00000006   Code   RO          996    .ARM.Collect$$_printf_percent$$00000006  c_w.l(_printf_a.o)
    0x08000184   0x0000000a   Code   RO         1001    .ARM.Collect$$_printf_percent$$00000007  c_w.l(_printf_ll.o)
    0x0800018e   0x00000006   Code   RO          993    .ARM.Collect$$_printf_percent$$00000008  c_w.l(_printf_i.o)
    0x08000194   0x00000006   Code   RO          854    .ARM.Collect$$_printf_percent$$00000009  c_w.l(_printf_d.o)
    0x0800019a   0x00000006   Code   RO          994    .ARM.Collect$$_printf_percent$$0000000A  c_w.l(_printf_u.o)
    0x080001a0   0x00000006   Code   RO          992    .ARM.Collect$$_printf_percent$$0000000B  c_w.l(_printf_o.o)
    0x080001a6   0x00000006   Code   RO          853    .ARM.Collect$$_printf_percent$$0000000C  c_w.l(_printf_x.o)
    0x080001ac   0x00000006   Code   RO          998    .ARM.Collect$$_printf_percent$$0000000D  c_w.l(_printf_lli.o)
    0x080001b2   0x00000006   Code   RO          999    .ARM.Collect$$_printf_percent$$0000000E  c_w.l(_printf_lld.o)
    0x080001b8   0x00000006   Code   RO         1000    .ARM.Collect$$_printf_percent$$0000000F  c_w.l(_printf_llu.o)
    0x080001be   0x00000006   Code   RO         1005    .ARM.Collect$$_printf_percent$$00000010  c_w.l(_printf_llo.o)
    0x080001c4   0x00000006   Code   RO         1006    .ARM.Collect$$_printf_percent$$00000011  c_w.l(_printf_llx.o)
    0x080001ca   0x0000000a   Code   RO         1002    .ARM.Collect$$_printf_percent$$00000012  c_w.l(_printf_l.o)
    0x080001d4   0x00000006   Code   RO          989    .ARM.Collect$$_printf_percent$$00000013  c_w.l(_printf_c.o)
    0x080001da   0x00000006   Code   RO          852    .ARM.Collect$$_printf_percent$$00000014  c_w.l(_printf_s.o)
    0x080001e0   0x00000006   Code   RO         1003    .ARM.Collect$$_printf_percent$$00000015  c_w.l(_printf_lc.o)
    0x080001e6   0x00000006   Code   RO         1004    .ARM.Collect$$_printf_percent$$00000016  c_w.l(_printf_ls.o)
    0x080001ec   0x00000004   Code   RO          997    .ARM.Collect$$_printf_percent$$00000017  c_w.l(_printf_percent_end.o)
    0x080001f0   0x00000002   Code   RO         1227    .ARM.Collect$$libinit$$00000000  c_w.l(libinit.o)
    0x080001f2   0x00000000   Code   RO         1010    .ARM.Collect$$libinit$$00000002  c_w.l(libinit2.o)
    0x080001f2   0x00000000   Code   RO         1012    .ARM.Collect$$libinit$$00000004  c_w.l(libinit2.o)
    0x080001f2   0x00000008   Code   RO         1013    .ARM.Collect$$libinit$$00000005  c_w.l(libinit2.o)
    0x080001fa   0x00000000   Code   RO         1015    .ARM.Collect$$libinit$$0000000A  c_w.l(libinit2.o)
    0x080001fa   0x00000000   Code   RO         1017    .ARM.Collect$$libinit$$0000000C  c_w.l(libinit2.o)
    0x080001fa   0x00000000   Code   RO         1019    .ARM.Collect$$libinit$$0000000E  c_w.l(libinit2.o)
    0x080001fa   0x00000006   Code   RO         1020    .ARM.Collect$$libinit$$0000000F  c_w.l(libinit2.o)
    0x08000200   0x00000000   Code   RO         1022    .ARM.Collect$$libinit$$00000011  c_w.l(libinit2.o)
    0x08000200   0x0000000c   Code   RO         1023    .ARM.Collect$$libinit$$00000012  c_w.l(libinit2.o)
    0x0800020c   0x00000000   Code   RO         1024    .ARM.Collect$$libinit$$00000013  c_w.l(libinit2.o)
    0x0800020c   0x00000000   Code   RO         1026    .ARM.Collect$$libinit$$00000015  c_w.l(libinit2.o)
    0x0800020c   0x0000000a   Code   RO         1027    .ARM.Collect$$libinit$$00000016  c_w.l(libinit2.o)
    0x08000216   0x00000000   Code   RO         1028    .ARM.Collect$$libinit$$00000017  c_w.l(libinit2.o)
    0x08000216   0x00000000   Code   RO         1030    .ARM.Collect$$libinit$$00000019  c_w.l(libinit2.o)
    0x08000216   0x00000000   Code   RO         1032    .ARM.Collect$$libinit$$0000001B  c_w.l(libinit2.o)
    0x08000216   0x00000000   Code   RO         1034    .ARM.Collect$$libinit$$0000001D  c_w.l(libinit2.o)
    0x08000216   0x00000000   Code   RO         1036    .ARM.Collect$$libinit$$0000001F  c_w.l(libinit2.o)
    0x08000216   0x00000000   Code   RO         1038    .ARM.Collect$$libinit$$00000021  c_w.l(libinit2.o)
    0x08000216   0x00000000   Code   RO         1040    .ARM.Collect$$libinit$$00000023  c_w.l(libinit2.o)
    0x08000216   0x00000000   Code   RO         1042    .ARM.Collect$$libinit$$00000025  c_w.l(libinit2.o)
    0x08000216   0x00000000   Code   RO         1046    .ARM.Collect$$libinit$$0000002C  c_w.l(libinit2.o)
    0x08000216   0x00000000   Code   RO         1048    .ARM.Collect$$libinit$$0000002E  c_w.l(libinit2.o)
    0x08000216   0x00000000   Code   RO         1050    .ARM.Collect$$libinit$$00000030  c_w.l(libinit2.o)
    0x08000216   0x00000000   Code   RO         1052    .ARM.Collect$$libinit$$00000032  c_w.l(libinit2.o)
    0x08000216   0x00000002   Code   RO         1053    .ARM.Collect$$libinit$$00000033  c_w.l(libinit2.o)
    0x08000218   0x00000002   Code   RO         1289    .ARM.Collect$$libshutdown$$00000000  c_w.l(libshutdown.o)
    0x0800021a   0x00000000   Code   RO         1243    .ARM.Collect$$libshutdown$$00000002  c_w.l(libshutdown2.o)
    0x0800021a   0x00000000   Code   RO         1245    .ARM.Collect$$libshutdown$$00000004  c_w.l(libshutdown2.o)
    0x0800021a   0x00000000   Code   RO         1248    .ARM.Collect$$libshutdown$$00000007  c_w.l(libshutdown2.o)
    0x0800021a   0x00000000   Code   RO         1251    .ARM.Collect$$libshutdown$$0000000A  c_w.l(libshutdown2.o)
    0x0800021a   0x00000000   Code   RO         1253    .ARM.Collect$$libshutdown$$0000000C  c_w.l(libshutdown2.o)
    0x0800021a   0x00000000   Code   RO         1256    .ARM.Collect$$libshutdown$$0000000F  c_w.l(libshutdown2.o)
    0x0800021a   0x00000002   Code   RO         1257    .ARM.Collect$$libshutdown$$00000010  c_w.l(libshutdown2.o)
    0x0800021c   0x00000000   Code   RO          932    .ARM.Collect$$rtentry$$00000000  c_w.l(__rtentry.o)
    0x0800021c   0x00000000   Code   RO         1108    .ARM.Collect$$rtentry$$00000002  c_w.l(__rtentry2.o)
    0x0800021c   0x00000006   Code   RO         1120    .ARM.Collect$$rtentry$$00000004  c_w.l(__rtentry4.o)
    0x08000222   0x00000000   Code   RO         1110    .ARM.Collect$$rtentry$$00000009  c_w.l(__rtentry2.o)
    0x08000222   0x00000004   Code   RO         1111    .ARM.Collect$$rtentry$$0000000A  c_w.l(__rtentry2.o)
    0x08000226   0x00000000   Code   RO         1113    .ARM.Collect$$rtentry$$0000000C  c_w.l(__rtentry2.o)
    0x08000226   0x00000008   Code   RO         1114    .ARM.Collect$$rtentry$$0000000D  c_w.l(__rtentry2.o)
    0x0800022e   0x00000002   Code   RO         1232    .ARM.Collect$$rtexit$$00000000  c_w.l(rtexit.o)
    0x08000230   0x00000000   Code   RO         1263    .ARM.Collect$$rtexit$$00000002  c_w.l(rtexit2.o)
    0x08000230   0x00000004   Code   RO         1264    .ARM.Collect$$rtexit$$00000003  c_w.l(rtexit2.o)
    0x08000234   0x00000006   Code   RO         1265    .ARM.Collect$$rtexit$$00000004  c_w.l(rtexit2.o)
    0x0800023a   0x00000002   PAD
    0x0800023c   0x00000000   Code   RO         1134    .emb_text           c_w.l(maybetermalloc1.o)
    0x0800023c   0x00000144   Code   RO           17    .text               stm32f10x_it.o
    0x08000380   0x000001e0   Code   RO          119    .text               system_stm32f10x.o
    0x08000560   0x00000040   Code   RO          140    .text               startup_stm32f10x_md.o
    0x080005a0   0x000000dc   Code   RO          144    .text               misc.o
    0x0800067c   0x0000035c   Code   RO          182    .text               stm32f10x_gpio.o
    0x080009d8   0x000003a4   Code   RO          194    .text               stm32f10x_rcc.o
    0x08000d7c   0x00000408   Code   RO          208    .text               stm32f10x_usart.o
    0x08001184   0x00000e1a   Code   RO          244    .text               stm32f10x_tim.o
    0x08001f9e   0x00000002   PAD
    0x08001fa0   0x000005bc   Code   RO          340    .text               stm32f10x_flash.o
    0x0800255c   0x000000b8   Code   RO          448    .text               delay.o
    0x08002614   0x00000254   Code   RO          470    .text               usart.o
    0x08002868   0x0000086c   Code   RO          494    .text               main.o
    0x080030d4   0x000008a8   Code   RO          540    .text               broker.o
    0x0800397c   0x000009a8   Code   RO          571    .text               mqttkit.o
    0x08004324   0x00000350   Code   RO          599    .text               esp8266.o
    0x08004674   0x00001a80   Code   RO          623    .text               cjson.o
    0x080060f4   0x00000568   Code   RO          657    .text               oled.o
    0x0800665c   0x00000100   Code   RO          678    .text               timer.o
    0x0800675c   0x0000018e   Code   RO          693    .text               flash.o
    0x080068ea   0x00000002   PAD
    0x080068ec   0x0000038c   Code   RO          708    .text               rfid.o
    0x08006c78   0x0000005e   Code   RO          733    .text               c_w.l(h1_alloc.o)
    0x08006cd6   0x0000004e   Code   RO          735    .text               c_w.l(h1_free.o)
    0x08006d24   0x0000001a   Code   RO          791    .text               c_w.l(tolower.o)
    0x08006d3e   0x00000002   PAD
    0x08006d40   0x00000034   Code   RO          793    .text               c_w.l(vsnprintf.o)
    0x08006d74   0x0000002c   Code   RO          795    .text               c_w.l(__2sprintf.o)
    0x08006da0   0x00000038   Code   RO          797    .text               c_w.l(__2snprintf.o)
    0x08006dd8   0x0000004e   Code   RO          805    .text               c_w.l(_printf_pad.o)
    0x08006e26   0x00000052   Code   RO          807    .text               c_w.l(_printf_str.o)
    0x08006e78   0x00000078   Code   RO          809    .text               c_w.l(_printf_dec.o)
    0x08006ef0   0x00000094   Code   RO          829    .text               c_w.l(_printf_hex_int_ll_ptr.o)
    0x08006f84   0x00000188   Code   RO          849    .text               c_w.l(__printf_flags_ss_wp.o)
    0x0800710c   0x00000014   Code   RO          858    .text               c_w.l(strchr.o)
    0x08007120   0x00000024   Code   RO          860    .text               c_w.l(strncat.o)
    0x08007144   0x00000024   Code   RO          862    .text               c_w.l(strstr.o)
    0x08007168   0x00000058   Code   RO          864    .text               c_w.l(memcmp.o)
    0x080071c0   0x00000048   Code   RO          866    .text               c_w.l(strcpy.o)
    0x08007208   0x0000003e   Code   RO          868    .text               c_w.l(strlen.o)
    0x08007246   0x00000096   Code   RO          870    .text               c_w.l(strncmp.o)
    0x080072dc   0x00000018   Code   RO          872    .text               c_w.l(strcat.o)
    0x080072f4   0x0000008a   Code   RO          874    .text               c_w.l(rt_memcpy_v6.o)
    0x0800737e   0x00000064   Code   RO          876    .text               c_w.l(rt_memcpy_w.o)
    0x080073e2   0x00000010   Code   RO          878    .text               c_w.l(aeabi_memset.o)
    0x080073f2   0x00000044   Code   RO          880    .text               c_w.l(rt_memclr.o)
    0x08007436   0x0000004e   Code   RO          882    .text               c_w.l(rt_memclr_w.o)
    0x08007484   0x00000006   Code   RO          884    .text               c_w.l(heapauxi.o)
    0x0800748a   0x00000002   PAD
    0x0800748c   0x00000010   Code   RO          933    .text               c_w.l(rt_ctype_table.o)
    0x0800749c   0x00000008   Code   RO          938    .text               c_w.l(rt_heap_descriptor_intlibspace.o)
    0x080074a4   0x00000004   Code   RO          940    .text               c_w.l(hguard.o)
    0x080074a8   0x0000008a   Code   RO          942    .text               c_w.l(init_alloc.o)
    0x08007532   0x0000000e   Code   RO          946    .text               c_w.l(h1_init.o)
    0x08007540   0x00000016   Code   RO          960    .text               c_w.l(_rserrno.o)
    0x08007556   0x00000024   Code   RO          962    .text               c_w.l(_printf_truncate.o)
    0x0800757a   0x000000b2   Code   RO          964    .text               c_w.l(_printf_intcommon.o)
    0x0800762c   0x00000028   Code   RO          966    .text               c_w.l(_printf_charcount.o)
    0x08007654   0x0000041a   Code   RO          968    .text               c_w.l(_printf_fp_dec.o)
    0x08007a6e   0x00000002   PAD
    0x08007a70   0x00000030   Code   RO          970    .text               c_w.l(_printf_char_common.o)
    0x08007aa0   0x0000000a   Code   RO          972    .text               c_w.l(_sputc.o)
    0x08007aaa   0x00000010   Code   RO          974    .text               c_w.l(_snputc.o)
    0x08007aba   0x0000002c   Code   RO          976    .text               c_w.l(_printf_char.o)
    0x08007ae6   0x00000002   PAD
    0x08007ae8   0x000000bc   Code   RO          978    .text               c_w.l(_printf_wctomb.o)
    0x08007ba4   0x0000007c   Code   RO          981    .text               c_w.l(_printf_longlong_dec.o)
    0x08007c20   0x00000070   Code   RO          987    .text               c_w.l(_printf_oct_int_ll.o)
    0x08007c90   0x00000008   Code   RO         1104    .text               c_w.l(libspace.o)
    0x08007c98   0x00000008   Code   RO         1125    .text               c_w.l(rt_locale_intlibspace.o)
    0x08007ca0   0x00000008   Code   RO         1130    .text               c_w.l(rt_errno_addr_intlibspace.o)
    0x08007ca8   0x00000034   Code   RO         1136    .text               c_w.l(h1_extend.o)
    0x08007cdc   0x0000008a   Code   RO         1140    .text               c_w.l(lludiv10.o)
    0x08007d66   0x00000002   PAD
    0x08007d68   0x000002fc   Code   RO         1142    .text               c_w.l(_printf_fp_hex.o)
    0x08008064   0x00000080   Code   RO         1145    .text               c_w.l(_printf_fp_infnan.o)
    0x080080e4   0x0000002c   Code   RO         1149    .text               c_w.l(_printf_wchar.o)
    0x08008110   0x000000dc   Code   RO         1151    .text               c_w.l(bigflt0.o)
    0x080081ec   0x00000040   Code   RO         1176    .text               c_w.l(_wcrtomb.o)
    0x0800822c   0x0000000e   Code   RO         1184    .text               c_w.l(defsig_rtmem_outer.o)
    0x0800823a   0x00000002   Code   RO         1201    .text               c_w.l(use_no_semi.o)
    0x0800823c   0x00000000   Code   RO         1203    .text               c_w.l(indicate_semi.o)
    0x0800823c   0x0000004a   Code   RO         1204    .text               c_w.l(sys_stackheap_outer.o)
    0x08008286   0x00000012   Code   RO         1210    .text               c_w.l(exit.o)
    0x08008298   0x0000000a   Code   RO         1212    .text               c_w.l(defsig_exit.o)
    0x080082a2   0x00000002   PAD
    0x080082a4   0x00000050   Code   RO         1214    .text               c_w.l(defsig_rtmem_inner.o)
    0x080082f4   0x00000080   Code   RO         1216    .text               c_w.l(strcmpv7m.o)
    0x08008374   0x0000000c   Code   RO         1230    .text               c_w.l(sys_exit.o)
    0x08008380   0x00000032   Code   RO         1240    .text               c_w.l(defsig_general.o)
    0x080083b2   0x0000000e   Code   RO         1260    .text               c_w.l(sys_wrch.o)
    0x080083c0   0x0000003e   Code   RO         1154    CL$$btod_d2e        c_w.l(btod.o)
    0x080083fe   0x00000046   Code   RO         1156    CL$$btod_d2e_denorm_low  c_w.l(btod.o)
    0x08008444   0x00000060   Code   RO         1155    CL$$btod_d2e_norm_op1  c_w.l(btod.o)
    0x080084a4   0x00000338   Code   RO         1164    CL$$btod_div_common  c_w.l(btod.o)
    0x080087dc   0x000000c6   Code   RO         1161    CL$$btod_e2e        c_w.l(btod.o)
    0x080088a2   0x00000028   Code   RO         1158    CL$$btod_ediv       c_w.l(btod.o)
    0x080088ca   0x00000028   Code   RO         1157    CL$$btod_emul       c_w.l(btod.o)
    0x080088f2   0x00000244   Code   RO         1163    CL$$btod_mult_common  c_w.l(btod.o)
    0x08008b36   0x00000028   Code   RO         1089    i.__ARM_fpclassify  m_ws.l(fpclassify.o)
    0x08008b5e   0x000000aa   Code   RO         1091    i.__kernel_poly     m_ws.l(poly.o)
    0x08008c08   0x00000010   Code   RO         1075    i.__mathlib_dbl_divzero  m_ws.l(dunder.o)
    0x08008c18   0x00000004   Code   RO         1077    i.__mathlib_dbl_infnan2  m_ws.l(dunder.o)
    0x08008c1c   0x0000000c   Code   RO         1078    i.__mathlib_dbl_invalid  m_ws.l(dunder.o)
    0x08008c28   0x0000000e   Code   RO         1079    i.__mathlib_dbl_overflow  m_ws.l(dunder.o)
    0x08008c36   0x00000002   PAD
    0x08008c38   0x00000010   Code   RO         1081    i.__mathlib_dbl_underflow  m_ws.l(dunder.o)
    0x08008c48   0x0000000e   Code   RO          842    i._is_digit         c_w.l(__printf_wp.o)
    0x08008c56   0x00000002   PAD
    0x08008c58   0x000000dc   Code   RO          917    i.floor             m_ws.l(floor.o)
    0x08008d34   0x000009d8   Code   RO          921    i.pow               m_ws.l(pow.o)
    0x0800970c   0x0000004c   Code   RO         1095    i.sqrt              m_ws.l(sqrt.o)
    0x08009758   0x0000002c   Code   RO         1179    locale$$code        c_w.l(lc_ctype_c.o)
    0x08009784   0x0000002c   Code   RO         1182    locale$$code        c_w.l(lc_numeric_c.o)
    0x080097b0   0x00000150   Code   RO          888    x$fpl$dadd          fz_ws.l(daddsub_clz.o)
    0x08009900   0x00000010   Code   RO         1193    x$fpl$dcheck1       fz_ws.l(dcheck1.o)
    0x08009910   0x00000018   Code   RO         1054    x$fpl$dcmpinf       fz_ws.l(dcmpi.o)
    0x08009928   0x000002b0   Code   RO         1057    x$fpl$ddiv          fz_ws.l(ddiv.o)
    0x08009bd8   0x00000078   Code   RO          894    x$fpl$deqf          fz_ws.l(deqf.o)
    0x08009c50   0x0000005e   Code   RO          896    x$fpl$dfix          fz_ws.l(dfix.o)
    0x08009cae   0x0000002e   Code   RO          901    x$fpl$dflt          fz_ws.l(dflt_clz.o)
    0x08009cdc   0x00000078   Code   RO          906    x$fpl$dleqf         fz_ws.l(dleqf.o)
    0x08009d54   0x00000154   Code   RO          908    x$fpl$dmul          fz_ws.l(dmul.o)
    0x08009ea8   0x0000009c   Code   RO         1060    x$fpl$dnaninf       fz_ws.l(dnaninf.o)
    0x08009f44   0x0000000c   Code   RO         1062    x$fpl$dretinf       fz_ws.l(dretinf.o)
    0x08009f50   0x0000006c   Code   RO          910    x$fpl$drleqf        fz_ws.l(drleqf.o)
    0x08009fbc   0x00000016   Code   RO          889    x$fpl$drsb          fz_ws.l(daddsub_clz.o)
    0x08009fd2   0x00000002   PAD
    0x08009fd4   0x000001cc   Code   RO         1195    x$fpl$dsqrt         fz_ws.l(dsqrt_noumaal.o)
    0x0800a1a0   0x000001d4   Code   RO          890    x$fpl$dsub          fz_ws.l(daddsub_clz.o)
    0x0800a374   0x00000056   Code   RO          912    x$fpl$f2d           fz_ws.l(f2d.o)
    0x0800a3ca   0x0000008c   Code   RO         1064    x$fpl$fnaninf       fz_ws.l(fnaninf.o)
    0x0800a456   0x00000004   Code   RO          914    x$fpl$printf1       fz_ws.l(printf1.o)
    0x0800a45a   0x00000004   Code   RO         1066    x$fpl$printf2       fz_ws.l(printf2.o)
    0x0800a45e   0x00000064   Code   RO         1228    x$fpl$retnan        fz_ws.l(retnan.o)
    0x0800a4c2   0x0000005c   Code   RO         1072    x$fpl$scalbn        fz_ws.l(scalbn.o)
    0x0800a51e   0x00000030   Code   RO         1258    x$fpl$trapveneer    fz_ws.l(trapv.o)
    0x0800a54e   0x00000000   Code   RO         1074    x$fpl$usenofp       fz_ws.l(usenofp.o)
    0x0800a54e   0x00000002   PAD
    0x0800a550   0x00000034   Data   RO          496    .constdata          main.o
    0x0800a584   0x00000007   Data   RO          624    .constdata          cjson.o
    0x0800a58b   0x000010b0   Data   RO          658    .constdata          oled.o
    0x0800b63b   0x00000028   Data   RO          830    .constdata          c_w.l(_printf_hex_int_ll_ptr.o)
    0x0800b663   0x00000011   Data   RO          850    .constdata          c_w.l(__printf_flags_ss_wp.o)
    0x0800b674   0x00000004   PAD
    0x0800b678   0x00000088   Data   RO          922    .constdata          m_ws.l(pow.o)
    0x0800b700   0x00000008   Data   RO          979    .constdata          c_w.l(_printf_wctomb.o)
    0x0800b708   0x00000008   Data   RO         1093    .constdata          m_ws.l(qnan.o)
    0x0800b710   0x00000026   Data   RO         1143    .constdata          c_w.l(_printf_fp_hex.o)
    0x0800b736   0x00000002   PAD
    0x0800b738   0x00000094   Data   RO         1152    .constdata          c_w.l(bigflt0.o)
    0x0800b7cc   0x00000020   Data   RO         1290    Region$$Table       anon$$obj.o
    0x0800b7ec   0x00000110   Data   RO         1178    locale$$data        c_w.l(lc_ctype_c.o)
    0x0800b8fc   0x0000001c   Data   RO         1181    locale$$data        c_w.l(lc_numeric_c.o)


    Execution Region RW_IRAM1 (Base: 0x20000000, Size: 0x00001c90, Max: 0x00005000, ABSOLUTE)

    Base Addr    Size         Type   Attr      Idx    E Section Name        Object

    0x20000000   0x00000014   Data   RW          120    .data               system_stm32f10x.o
    0x20000014   0x00000014   Data   RW          195    .data               stm32f10x_rcc.o
    0x20000028   0x00000008   Data   RW          449    .data               delay.o
    0x20000030   0x0000000d   Data   RW          497    .data               main.o
    0x2000003d   0x00000001   PAD
    0x2000003e   0x00000004   Data   RW          541    .data               broker.o
    0x20000042   0x00000004   Data   RW          601    .data               esp8266.o
    0x20000046   0x00000002   PAD
    0x20000048   0x0000000c   Data   RW          625    .data               cjson.o
    0x20000054   0x00000012   Data   RW          710    .data               rfid.o
    0x20000066   0x00000002   PAD
    0x20000068   0x00000400   Zero   RW          471    .bss                usart.o
    0x20000468   0x000004f0   Zero   RW          495    .bss                main.o
    0x20000958   0x00000200   Zero   RW          600    .bss                esp8266.o
    0x20000b58   0x000002d4   Zero   RW          709    .bss                rfid.o
    0x20000e2c   0x00000060   Zero   RW         1105    .bss                c_w.l(libspace.o)
    0x20000e8c   0x00000004   PAD
    0x20000e90   0x00000600   Zero   RW          138    HEAP                startup_stm32f10x_md.o
    0x20001490   0x00000800   Zero   RW          137    STACK               startup_stm32f10x_md.o


==============================================================================

Image component sizes


      Code (inc. data)   RO Data    RW Data    ZI Data      Debug   Object Name

      2216        756          0          4          0       8052   broker.o
      6784        208          7         12          0      24084   cjson.o
         0          0          0          0          0       4532   core_cm3.o
       184         16          0          8          0      16897   delay.o
       848        282          0          4        512       3054   esp8266.o
       398          0          0          0          0       2358   flash.o
      2156        424         52         13       1264       5502   main.o
       220         22          0          0          0     204941   misc.o
      2472         16          0          0          0      10564   mqttkit.o
      1384         18       4272          0          0       6474   oled.o
       908         38          0         18        724       5004   rfid.o
        64         26        236          0       3584        800   startup_stm32f10x_md.o
      1468         34          0          0          0       8078   stm32f10x_flash.o
       860         38          0          0          0       5601   stm32f10x_gpio.o
       324        254          0          0          0      50983   stm32f10x_it.o
       932         36          0         20          0       8732   stm32f10x_rcc.o
      3610         88          0          0          0      22708   stm32f10x_tim.o
      1032         22          0          0          0       8328   stm32f10x_usart.o
       480         38          0         20          0       1659   system_stm32f10x.o
       256          4          0          0          0        713   timer.o
       596         24          0          0       1024       3511   usart.o

    ----------------------------------------------------------------------
     27196       2344       4599        104       7108     402575   Object Totals
         0          0         32          0          0          0   (incl. Generated)
         4          0          0          5          0          0   (incl. Padding)

    ----------------------------------------------------------------------

      Code (inc. data)   RO Data    RW Data    ZI Data      Debug   Library Member Name

        56          6          0          0          0         88   __2snprintf.o
        44          6          0          0          0         84   __2sprintf.o
         8          0          0          0          0         68   __main.o
       392          4         17          0          0         92   __printf_flags_ss_wp.o
        14          0          0          0          0         68   __printf_wp.o
         0          0          0          0          0          0   __rtentry.o
        12          0          0          0          0          0   __rtentry2.o
         6          0          0          0          0          0   __rtentry4.o
        52          8          0          0          0          0   __scatter.o
        26          0          0          0          0          0   __scatter_copy.o
        28          0          0          0          0          0   __scatter_zi.o
         6          0          0          0          0          0   _printf_a.o
         6          0          0          0          0          0   _printf_c.o
        44          0          0          0          0        108   _printf_char.o
        48          6          0          0          0         96   _printf_char_common.o
        40          0          0          0          0         68   _printf_charcount.o
         6          0          0          0          0          0   _printf_d.o
       120         16          0          0          0         92   _printf_dec.o
         6          0          0          0          0          0   _printf_e.o
         6          0          0          0          0          0   _printf_f.o
      1050          0          0          0          0        216   _printf_fp_dec.o
       764          8         38          0          0        100   _printf_fp_hex.o
       128         16          0          0          0         84   _printf_fp_infnan.o
         6          0          0          0          0          0   _printf_g.o
       148          4         40          0          0        160   _printf_hex_int_ll_ptr.o
         6          0          0          0          0          0   _printf_i.o
       178          0          0          0          0         88   _printf_intcommon.o
        10          0          0          0          0          0   _printf_l.o
         6          0          0          0          0          0   _printf_lc.o
        10          0          0          0          0          0   _printf_ll.o
         6          0          0          0          0          0   _printf_lld.o
         6          0          0          0          0          0   _printf_lli.o
         6          0          0          0          0          0   _printf_llo.o
         6          0          0          0          0          0   _printf_llu.o
         6          0          0          0          0          0   _printf_llx.o
       124         16          0          0          0         92   _printf_longlong_dec.o
         6          0          0          0          0          0   _printf_ls.o
         6          0          0          0          0          0   _printf_n.o
         6          0          0          0          0          0   _printf_o.o
       112         10          0          0          0        124   _printf_oct_int_ll.o
         6          0          0          0          0          0   _printf_p.o
        78          0          0          0          0        108   _printf_pad.o
         0          0          0          0          0          0   _printf_percent.o
         4          0          0          0          0          0   _printf_percent_end.o
         6          0          0          0          0          0   _printf_s.o
        82          0          0          0          0         80   _printf_str.o
        36          0          0          0          0         84   _printf_truncate.o
         6          0          0          0          0          0   _printf_u.o
        44          0          0          0          0        108   _printf_wchar.o
       188          6          8          0          0         92   _printf_wctomb.o
         6          0          0          0          0          0   _printf_x.o
        22          0          0          0          0        100   _rserrno.o
        16          0          0          0          0         68   _snputc.o
        10          0          0          0          0         68   _sputc.o
        64          0          0          0          0         92   _wcrtomb.o
        16          0          0          0          0         68   aeabi_memset.o
       220          4        148          0          0         96   bigflt0.o
      1910        128          0          0          0        672   btod.o
        10          0          0          0          0         68   defsig_exit.o
        50          0          0          0          0         88   defsig_general.o
        80         58          0          0          0         76   defsig_rtmem_inner.o
        14          0          0          0          0         80   defsig_rtmem_outer.o
        18          0          0          0          0         80   exit.o
        94          0          0          0          0         80   h1_alloc.o
        52          0          0          0          0         68   h1_extend.o
        78          0          0          0          0         80   h1_free.o
        14          0          0          0          0         84   h1_init.o
         6          0          0          0          0        152   heapauxi.o
         4          0          0          0          0        136   hguard.o
         0          0          0          0          0          0   indicate_semi.o
       138          0          0          0          0        168   init_alloc.o
        44         10        272          0          0         76   lc_ctype_c.o
        44         10         28          0          0         76   lc_numeric_c.o
         2          0          0          0          0          0   libinit.o
        38          0          0          0          0          0   libinit2.o
         2          0          0          0          0          0   libshutdown.o
         2          0          0          0          0          0   libshutdown2.o
         8          4          0          0         96         68   libspace.o
       138          0          0          0          0         80   lludiv10.o
         0          0          0          0          0          0   maybetermalloc1.o
        88          0          0          0          0         76   memcmp.o
        16          4          0          0          0         76   rt_ctype_table.o
         8          4          0          0          0         68   rt_errno_addr_intlibspace.o
         8          4          0          0          0         68   rt_heap_descriptor_intlibspace.o
         8          4          0          0          0         68   rt_locale_intlibspace.o
        68          0          0          0          0         68   rt_memclr.o
        78          0          0          0          0         80   rt_memclr_w.o
       138          0          0          0          0         68   rt_memcpy_v6.o
       100          0          0          0          0         80   rt_memcpy_w.o
         2          0          0          0          0          0   rtexit.o
        10          0          0          0          0          0   rtexit2.o
        24          0          0          0          0         68   strcat.o
        20          0          0          0          0         68   strchr.o
       128          0          0          0          0         68   strcmpv7m.o
        72          0          0          0          0         80   strcpy.o
        62          0          0          0          0         76   strlen.o
        36          0          0          0          0         76   strncat.o
       150          0          0          0          0         80   strncmp.o
        36          0          0          0          0         80   strstr.o
        12          4          0          0          0         68   sys_exit.o
        74          0          0          0          0         80   sys_stackheap_outer.o
        14          0          0          0          0         76   sys_wrch.o
        26          0          0          0          0         76   tolower.o
         2          0          0          0          0         68   use_no_semi.o
        52          4          0          0          0         80   vsnprintf.o
       826         16          0          0          0        348   daddsub_clz.o
        16          4          0          0          0         68   dcheck1.o
        24          0          0          0          0         68   dcmpi.o
       688        140          0          0          0        208   ddiv.o
       120          4          0          0          0         92   deqf.o
        94          4          0          0          0         92   dfix.o
        46          0          0          0          0         68   dflt_clz.o
       120          4          0          0          0         92   dleqf.o
       340         12          0          0          0        104   dmul.o
       156          4          0          0          0         92   dnaninf.o
        12          0          0          0          0         68   dretinf.o
       108          0          0          0          0         80   drleqf.o
       460         56          0          0          0        120   dsqrt_noumaal.o
        86          4          0          0          0         84   f2d.o
       140          4          0          0          0         84   fnaninf.o
         4          0          0          0          0         68   printf1.o
         4          0          0          0          0         68   printf2.o
       100          0          0          0          0         68   retnan.o
        92          0          0          0          0         68   scalbn.o
        48          0          0          0          0         68   trapv.o
         0          0          0          0          0          0   usenofp.o
        62         10          0          0          0        340   dunder.o
       220         16          0          0          0         84   floor.o
        40          0          0          0          0         68   fpclassify.o
       170          0          0          0          0         96   poly.o
      2520        190        136          0          0        324   pow.o
         0          0          8          0          0          0   qnan.o
        76          0          0          0          0         84   sqrt.o

    ----------------------------------------------------------------------
     14888        812        701          0        100       9424   Library Totals
        24          0          6          0          4          0   (incl. Padding)

    ----------------------------------------------------------------------

      Code (inc. data)   RO Data    RW Data    ZI Data      Debug   Library Name

      8292        344        551          0         96       6420   c_w.l
      3484        252          0          0          0       2008   fz_ws.l
      3088        216        144          0          0        996   m_ws.l

    ----------------------------------------------------------------------
     14888        812        701          0        100       9424   Library Totals

    ----------------------------------------------------------------------

==============================================================================


      Code (inc. data)   RO Data    RW Data    ZI Data      Debug   

     42084       3156       5300        104       7208     404611   Grand Totals
     42084       3156       5300        104       7208     404611   ELF Image Totals
     42084       3156       5300        104          0          0   ROM Totals

==============================================================================

    Total RO  Size (Code + RO Data)                47384 (  46.27kB)
    Total RW  Size (RW Data + ZI Data)              7312 (   7.14kB)
    Total ROM Size (Code + RO Data + RW Data)      47488 (  46.38kB)

==============================================================================

